price_optimization/kaggledata_till2018.csv
region,date,type,price,units_sold
Great_Lakes,1/4/15,Conventional,1.02,3382800.12
Great_Lakes,1/11/15,Conventional,1.1,3067638.32
Great_Lakes,1/18/15,Conventional,1.08,3006207.02
Great_Lakes,1/25/15,Conventional,1.13,2928692.32
Great_Lakes,2/1/15,Conventional,0.91,4874124.41
Great_Lakes,2/8/15,Conventional,1.07,2856456.35
Great_Lakes,2/15/15,Conventional,1.15,2610004.41
Great_Lakes,2/22/15,Conventional,1.16,2730224.03
Great_Lakes,3/1/15,Conventional,1.02,3566752.43
Great_Lakes,3/8/15,Conventional,1.04,3134752.64
Great_Lakes,3/15/15,Conventional,1.1,2948199.23
Great_Lakes,3/22/15,Conventional,1.04,3746598.18
Great_Lakes,3/29/15,Conventional,1.09,2971443.88
Great_Lakes,4/5/15,Conventional,1.18,2938918.81
Great_Lakes,4/12/15,Conventional,1.11,2895992.9
Great_Lakes,4/19/15,Conventional,1.06,3857605.11
Great_Lakes,4/26/15,Conventional,1.14,3234024.32
Great_Lakes,5/3/15,Conventional,1.05,3901054.42
Great_Lakes,5/10/15,Conventional,1.15,3501344.46
Great_Lakes,5/17/15,Conventional,1.09,3753201.03
Great_Lakes,5/24/15,Conventional,1.15,3574050.61
Great_Lakes,5/31/15,Conventional,1.2,3151714
Great_Lakes,6/7/15,Conventional,1.13,3602112.79
Great_Lakes,6/14/15,Conventional,1.12,3511185.14
Great_Lakes,6/21/15,Conventional,1.08,3720458.83
Great_Lakes,6/28/15,Conventional,1.07,3336314.35
Great_Lakes,7/5/15,Conventional,1.13,3774004.27
Great_Lakes,7/12/15,Conventional,1.14,3077237.12
Great_Lakes,7/19/15,Conventional,1.12,3436864.41
Great_Lakes,7/26/15,Conventional,1.1,3135698.38
Great_Lakes,8/2/15,Conventional,1.14,3162447.64
Great_Lakes,8/9/15,Conventional,1.12,3230139.65
Great_Lakes,8/16/15,Conventional,1.03,3653376.07
Great_Lakes,8/23/15,Conventional,1.14,2849127.29
Great_Lakes,8/30/15,Conventional,1.04,3388803.79
Great_Lakes,9/6/15,Conventional,1.07,3272555.01
Great_Lakes,9/13/15,Conventional,1.03,3532480.92
Great_Lakes,9/20/15,Conventional,1.02,3336245.24
Great_Lakes,9/27/15,Conventional,1.1,2770074.76
Great_Lakes,10/4/15,Conventional,1.05,2814678.93
Great_Lakes,10/11/15,Conventional,1.02,3004133.39
Great_Lakes,10/18/15,Conventional,1.03,2981549.94
Great_Lakes,10/25/15,Conventional,1.1,2671535.94
Great_Lakes,11/1/15,Conventional,1,3229124.75
Great_Lakes,11/8/15,Conventional,0.98,3184946.53
Great_Lakes,11/15/15,Conventional,1.09,2494044.41
Great_Lakes,11/22/15,Conventional,1.03,2601821.63
Great_Lakes,11/29/15,Conventional,1.07,2198408.92
Great_Lakes,12/6/15,Conventional,1,2981347.2
Great_Lakes,12/13/15,Conventional,1.03,2608448.06
Great_Lakes,12/20/15,Conventional,1.01,2504745.45
Great_Lakes,12/27/15,Conventional,1.01,2580602.96
Great_Lakes,1/3/16,Conventional,0.92,4065583.41
Great_Lakes,1/10/16,Conventional,1.06,3310201.06
Great_Lakes,1/17/16,Conventional,1.05,3166941.66
Great_Lakes,1/24/16,Conventional,0.95,3806974.62
Great_Lakes,1/31/16,Conventional,1.04,3330752.29
Great_Lakes,2/7/16,Conventional,0.85,4865296.26
Great_Lakes,2/14/16,Conventional,0.96,3386951.48
Great_Lakes,2/21/16,Conventional,1.07,2837626.92
Great_Lakes,2/28/16,Conventional,1.05,3419909.75
Great_Lakes,3/6/16,Conventional,0.98,3818114.32
Great_Lakes,3/13/16,Conventional,1.03,3145897.89
Great_Lakes,3/20/16,Conventional,1.06,3368333.6
Great_Lakes,3/27/16,Conventional,0.97,3557777.32
Great_Lakes,4/3/16,Conventional,1.04,2968139.47
Great_Lakes,4/10/16,Conventional,1.05,3126127.34
Great_Lakes,4/17/16,Conventional,0.98,4154218.26
Great_Lakes,4/24/16,Conventional,0.96,3735389.44
Great_Lakes,5/1/16,Conventional,0.94,3801508.26
Great_Lakes,5/8/16,Conventional,0.94,4460481.53
Great_Lakes,5/15/16,Conventional,0.91,4324700.33
Great_Lakes,5/22/16,Conventional,1,3705262.31
Great_Lakes,5/29/16,Conventional,1.05,3925300.14
Great_Lakes,6/5/16,Conventional,1.01,4188245.99
Great_Lakes,6/12/16,Conventional,1.15,3443333.94
Great_Lakes,6/19/16,Conventional,1.1,3955098.89
Great_Lakes,6/26/16,Conventional,1.13,3643417.33
Great_Lakes,7/3/16,Conventional,1.13,4020724.58
Great_Lakes,7/10/16,Conventional,1.24,3327062.2
Great_Lakes,7/17/16,Conventional,1.25,3267857.63
Great_Lakes,7/24/16,Conventional,1.32,3212818.19
Great_Lakes,7/31/16,Conventional,1.34,3013426.04
Great_Lakes,8/7/16,Conventional,1.33,3106108.92
Great_Lakes,8/14/16,Conventional,1.3,3134414.15
Great_Lakes,8/21/16,Conventional,1.34,2933973.86
Great_Lakes,8/28/16,Conventional,1.27,3025330.44
Great_Lakes,9/4/16,Conventional,1.3,3084199.23
Great_Lakes,9/11/16,Conventional,1.3,3078051.63
Great_Lakes,9/18/16,Conventional,1.28,2996317.15
Great_Lakes,9/25/16,Conventional,1.37,2834326.48
Great_Lakes,10/2/16,Conventional,1.38,2618805.67
Great_Lakes,10/9/16,Conventional,1.35,2624202.9
Great_Lakes,10/16/16,Conventional,1.4,2517672.23
Great_Lakes,10/23/16,Conventional,1.35,2528597.22
Great_Lakes,10/30/16,Conventional,1.36,2275351.91
Great_Lakes,11/6/16,Conventional,1.48,2222383.47
Great_Lakes,11/13/16,Conventional,1.41,2348814.17
Great_Lakes,11/20/16,Conventional,1.23,2637621.79
Great_Lakes,11/27/16,Conventional,1.18,2385048.43
Great_Lakes,12/4/16,Conventional,0.97,3854099.9
Great_Lakes,12/11/16,Conventional,1.03,3048518.15
Great_Lakes,12/18/16,Conventional,1.11,2791515.27
Great_Lakes,12/25/16,Conventional,1.11,2954314.99
Great_Lakes,1/1/17,Conventional,0.88,4225245.4
Great_Lakes,1/8/17,Conventional,0.99,4067134.96
Great_Lakes,1/15/17,Conventional,1.05,3893220.87
Great_Lakes,1/22/17,Conventional,0.95,4696372.14
Great_Lakes,1/29/17,Conventional,1.01,3799154.1
Great_Lakes,2/5/17,Conventional,0.73,6575186.76
Great_Lakes,2/12/17,Conventional,0.88,4129136.03
Great_Lakes,2/19/17,Conventional,1.1,3184221.55
Great_Lakes,2/26/17,Conventional,1.08,3848715.52
Great_Lakes,3/5/17,Conventional,1.24,3197341.66
Great_Lakes,3/12/17,Conventional,1.38,2883466.63
Great_Lakes,3/19/17,Conventional,1.39,2975356.86
Great_Lakes,3/26/17,Conventional,1.42,3002195.77
Great_Lakes,4/2/17,Conventional,1.41,3081036.18
Great_Lakes,4/9/17,Conventional,1.41,3149013.04
Great_Lakes,4/16/17,Conventional,1.36,3543152.49
Great_Lakes,4/23/17,Conventional,1.38,3193269.98
Great_Lakes,4/30/17,Conventional,1.38,3584134.9
Great_Lakes,5/7/17,Conventional,1.1,5308891.12
Great_Lakes,5/14/17,Conventional,1.19,3901825.7
Great_Lakes,5/21/17,Conventional,1.34,3415474.26
Great_Lakes,5/28/17,Conventional,1.37,3562841.46
Great_Lakes,6/4/17,Conventional,1.33,3649478.04
Great_Lakes,6/11/17,Conventional,1.27,3714237.95
Great_Lakes,6/18/17,Conventional,1.12,4668135.31
Great_Lakes,6/25/17,Conventional,1.15,3938985.06
Great_Lakes,7/2/17,Conventional,1.18,4250394.01
Great_Lakes,7/9/17,Conventional,1.2,4104371.46
Great_Lakes,7/16/17,Conventional,1.38,3372297.92
Great_Lakes,7/23/17,Conventional,1.47,3014558.52
Great_Lakes,7/30/17,Conventional,1.44,3127451.33
Great_Lakes,8/6/17,Conventional,1.42,3357719.29
Great_Lakes,8/13/17,Conventional,1.57,2971011.18
Great_Lakes,8/20/17,Conventional,1.44,3378088.25
Great_Lakes,8/27/17,Conventional,1.49,2973144.04
Great_Lakes,9/3/17,Conventional,1.73,2638911.89
Great_Lakes,9/10/17,Conventional,1.81,2589499.71
Great_Lakes,9/17/17,Conventional,1.86,2358162.43
Great_Lakes,9/24/17,Conventional,1.83,2415482.04
Great_Lakes,10/1/17,Conventional,1.89,2289168.77
Great_Lakes,10/8/17,Conventional,1.98,2063573.51
Great_Lakes,10/15/17,Conventional,1.86,2221613.58
Great_Lakes,10/22/17,Conventional,1.75,2247856.71
Great_Lakes,10/29/17,Conventional,1.52,2739607.48
Great_Lakes,11/5/17,Conventional,1.26,3225071.95
Great_Lakes,11/12/17,Conventional,1.19,3284210
Great_Lakes,11/19/17,Conventional,1.23,2983690
Great_Lakes,11/26/17,Conventional,1.38,2254700
Great_Lakes,12/3/17,Conventional,1.15,3837027
Great_Lakes,12/10/17,Conventional,1.18,3258080.63
Great_Lakes,12/17/17,Conventional,1.22,3023285.74
Great_Lakes,12/24/17,Conventional,1.3,2860693.26
Great_Lakes,12/31/17,Conventional,0.92,4398887.92
Great_Lakes,1/1/18,Conventional,0.92,4398887.92
Great_Lakes,1/7/18,Conventional,1.11,4123104.83
Great_Lakes,1/14/18,Conventional,1.31,3437563.27
Great_Lakes,1/21/18,Conventional,1.08,4824586.17
Great_Lakes,1/28/18,Conventional,1.18,3857262.14
Great_Lakes,2/4/18,Conventional,0.81,7094764.73
Great_Lakes,2/11/18,Conventional,1.05,4104031.93
Great_Lakes,2/18/18,Conventional,1.2,3351722.04
Great_Lakes,2/25/18,Conventional,1.19,3920643.53
Great_Lakes,3/4/18,Conventional,1.27,3654450.88
Great_Lakes,3/11/18,Conventional,1.22,3953699.57
Great_Lakes,3/18/18,Conventional,1.16,3944850.17
Great_Lakes,3/25/18,Conventional,1.18,4245947.2
Great_Lakes,4/1/18,Conventional,1.23,3823014.19
Great_Lakes,4/8/18,Conventional,1.2,3765622.14
Great_Lakes,4/15/18,Conventional,1.12,5091963.45
Great_Lakes,4/22/18,Conventional,1.09,4626031.46
Great_Lakes,4/29/18,Conventional,1.21,3917834.41
Great_Lakes,5/6/18,Conventional,0.87,7059591.58
Great_Lakes,5/13/18,Conventional,1.03,4619011.81
Great_Lakes,5/20/18,Conventional,1.16,3906285.89
Great_Lakes,5/27/18,Conventional,1.18,4223314.84
Great_Lakes,6/3/18,Conventional,1.19,4226079.91
Great_Lakes,6/10/18,Conventional,1.19,4105136.03
Great_Lakes,6/17/18,Conventional,1.19,4134267.24
Great_Lakes,6/24/18,Conventional,0.99,5381230.51
Great_Lakes,7/1/18,Conventional,1.1,4459370.18
Great_Lakes,7/8/18,Conventional,1.13,4337787.49
Great_Lakes,7/15/18,Conventional,1.12,4192461.62
Great_Lakes,7/22/18,Conventional,1.09,4412028.34
Great_Lakes,7/29/18,Conventional,1.13,4082696.89
Great_Lakes,8/5/18,Conventional,1.17,3803017.66
Great_Lakes,8/12/18,Conventional,1.22,3900554.67
Great_Lakes,8/19/18,Conventional,1.13,4539821.1
Great_Lakes,8/26/18,Conventional,1.39,3346047.06
Great_Lakes,9/2/18,Conventional,1.41,3467274.85
Great_Lakes,9/9/18,Conventional,1.33,3717531.81
Great_Lakes,9/16/18,Conventional,1.34,3377258.26
Great_Lakes,9/23/18,Conventional,1.31,3359719.69
Great_Lakes,9/30/18,Conventional,1.17,3551684.67
Great_Lakes,10/7/18,Conventional,1.06,4015135.14
Great_Lakes,10/14/18,Conventional,1.05,3797062.66
Great_Lakes,10/21/18,Conventional,1.1,3578605.08
Great_Lakes,10/28/18,Conventional,1.11,3602860.44
Great_Lakes,11/4/18,Conventional,1.12,3359436.59
Great_Lakes,11/11/18,Conventional,1.02,4050240.66
Great_Lakes,11/18/18,Conventional,1.15,3062728.18
Great_Lakes,11/25/18,Conventional,1.27,2353835.87
Great_Lakes,12/2/18,Conventional,1.33,2629604.72
