price_optimization/kaggledata_till2018.csv
region,date,type,price,units_sold
Great_Lakes,1/4/15,Organic,1.54,61615.1
Great_Lakes,1/11/15,Organic,1.69,58061.65
Great_Lakes,1/18/15,Organic,1.73,57646.9
Great_Lakes,1/25/15,Organic,1.63,59906.52
Great_Lakes,2/1/15,Organic,1.53,63248.58
Great_Lakes,2/8/15,Organic,1.64,58545.6
Great_Lakes,2/15/15,Organic,1.65,58236.29
Great_Lakes,2/22/15,Organic,1.68,56569.37
Great_Lakes,3/1/15,Organic,1.69,61260.09
Great_Lakes,3/8/15,Organic,1.6,74152.81
Great_Lakes,3/15/15,Organic,1.55,65534.87
Great_Lakes,3/22/15,Organic,1.63,56818.47
Great_Lakes,3/29/15,Organic,1.62,64282.45
Great_Lakes,4/5/15,Organic,1.51,81495.39
Great_Lakes,4/12/15,Organic,1.42,149583.28
Great_Lakes,4/19/15,Organic,1.57,85825.52
Great_Lakes,4/26/15,Organic,1.55,92616.45
Great_Lakes,5/3/15,Organic,1.22,143144.15
Great_Lakes,5/10/15,Organic,1.13,171746.76
Great_Lakes,5/17/15,Organic,1.44,82513.95
Great_Lakes,5/24/15,Organic,1.66,79844.57
Great_Lakes,5/31/15,Organic,1.65,79819.77
Great_Lakes,6/7/15,Organic,1.55,81945.35
Great_Lakes,6/14/15,Organic,1.58,80790.46
Great_Lakes,6/21/15,Organic,1.62,72563.98
Great_Lakes,6/28/15,Organic,1.59,71801.27
Great_Lakes,7/5/15,Organic,1.54,86288.07
Great_Lakes,7/12/15,Organic,1.4,88179.72
Great_Lakes,7/19/15,Organic,1.48,81489.76
Great_Lakes,7/26/15,Organic,1.5,87348.95
Great_Lakes,8/2/15,Organic,1.64,82380.97
Great_Lakes,8/9/15,Organic,1.7,84089.07
Great_Lakes,8/16/15,Organic,1.72,92086
Great_Lakes,8/23/15,Organic,1.59,107306.08
Great_Lakes,8/30/15,Organic,1.56,96236.54
Great_Lakes,9/6/15,Organic,1.61,95931.87
Great_Lakes,9/13/15,Organic,1.67,83530.33
Great_Lakes,9/20/15,Organic,1.68,75306.07
Great_Lakes,9/27/15,Organic,1.66,70809.98
Great_Lakes,10/4/15,Organic,1.67,70410.49
Great_Lakes,10/11/15,Organic,1.6,69918.93
Great_Lakes,10/18/15,Organic,1.6,75238.38
Great_Lakes,10/25/15,Organic,1.58,77066.63
Great_Lakes,11/1/15,Organic,1.59,75586.78
Great_Lakes,11/8/15,Organic,1.54,77222.36
Great_Lakes,11/15/15,Organic,1.54,72434.15
Great_Lakes,11/22/15,Organic,1.57,67773.07
Great_Lakes,11/29/15,Organic,1.61,59169.17
Great_Lakes,12/6/15,Organic,1.6,71502.74
Great_Lakes,12/13/15,Organic,1.53,65341.66
Great_Lakes,12/20/15,Organic,1.55,62669.16
Great_Lakes,12/27/15,Organic,1.49,66775.85
Great_Lakes,1/3/16,Organic,1.44,83325.98
Great_Lakes,1/10/16,Organic,1.48,112034.52
Great_Lakes,1/17/16,Organic,1.46,91071.06
Great_Lakes,1/24/16,Organic,1.31,102833.87
Great_Lakes,1/31/16,Organic,1.45,89574.32
Great_Lakes,2/7/16,Organic,1.41,94983.64
Great_Lakes,2/14/16,Organic,1.34,100217.44
Great_Lakes,2/21/16,Organic,1.38,100551.65
Great_Lakes,2/28/16,Organic,1.48,99353.21
Great_Lakes,3/6/16,Organic,1.42,98803.23
Great_Lakes,3/13/16,Organic,1.33,106057.37
Great_Lakes,3/20/16,Organic,1.24,131022.13
Great_Lakes,3/27/16,Organic,1.33,122736.25
Great_Lakes,4/3/16,Organic,1.45,103615.27
Great_Lakes,4/10/16,Organic,1.36,119113.13
Great_Lakes,4/17/16,Organic,1.33,122388.94
Great_Lakes,4/24/16,Organic,1.28,150140.95
Great_Lakes,5/1/16,Organic,1.4,121983.64
Great_Lakes,5/8/16,Organic,1.39,123789.24
Great_Lakes,5/15/16,Organic,1.42,119264.62
Great_Lakes,5/22/16,Organic,1.26,141771.45
Great_Lakes,5/29/16,Organic,1.24,161868.25
Great_Lakes,6/5/16,Organic,1.13,170250.47
Great_Lakes,6/12/16,Organic,1.34,152083.91
Great_Lakes,6/19/16,Organic,1.23,160564.92
Great_Lakes,6/26/16,Organic,1.34,129807.8
Great_Lakes,7/3/16,Organic,1.22,110335.56
Great_Lakes,7/10/16,Organic,1.16,130838.45
Great_Lakes,7/17/16,Organic,1.33,139949.09
Great_Lakes,7/24/16,Organic,1.67,112800.57
Great_Lakes,7/31/16,Organic,1.66,116608.12
Great_Lakes,8/7/16,Organic,1.57,126449.62
Great_Lakes,8/14/16,Organic,1.67,116220.19
Great_Lakes,8/21/16,Organic,1.65,119045.99
Great_Lakes,8/28/16,Organic,1.29,151771.49
Great_Lakes,9/4/16,Organic,1.47,139374.22
Great_Lakes,9/11/16,Organic,1.43,135309.51
Great_Lakes,9/18/16,Organic,1.65,94463.19
Great_Lakes,9/25/16,Organic,1.51,130290.41
Great_Lakes,10/2/16,Organic,1.76,105453.89
Great_Lakes,10/9/16,Organic,1.36,146094.87
Great_Lakes,10/16/16,Organic,1.35,147526.08
Great_Lakes,10/23/16,Organic,1.43,139337.29
Great_Lakes,10/30/16,Organic,1.86,112134.82
Great_Lakes,11/6/16,Organic,1.25,175323.06
Great_Lakes,11/13/16,Organic,1.58,123515.34
Great_Lakes,11/20/16,Organic,1.47,115682.53
Great_Lakes,11/27/16,Organic,1.49,96160.23
Great_Lakes,12/4/16,Organic,1.47,117193.02
Great_Lakes,12/11/16,Organic,1.1,167640.67
Great_Lakes,12/18/16,Organic,1.31,112979.93
Great_Lakes,12/25/16,Organic,1.48,95184.06
Great_Lakes,1/1/17,Organic,1.44,104153.91
Great_Lakes,1/8/17,Organic,1.55,100134.77
Great_Lakes,1/15/17,Organic,1.7,103487.72
Great_Lakes,1/22/17,Organic,1.19,155334.45
Great_Lakes,1/29/17,Organic,1.35,129565.39
Great_Lakes,2/5/17,Organic,1.14,149650.5
Great_Lakes,2/12/17,Organic,1.08,162213.86
Great_Lakes,2/19/17,Organic,0.9,226000.27
Great_Lakes,2/26/17,Organic,0.94,253169.88
Great_Lakes,3/5/17,Organic,0.83,318890.26
Great_Lakes,3/12/17,Organic,1.08,206958.43
Great_Lakes,3/19/17,Organic,1.55,137494.38
Great_Lakes,3/26/17,Organic,1.08,244035.03
Great_Lakes,4/2/17,Organic,1.51,179232.9
Great_Lakes,4/9/17,Organic,1.36,201552.43
Great_Lakes,4/16/17,Organic,1.36,221705.72
Great_Lakes,4/23/17,Organic,1.71,134773.11
Great_Lakes,4/30/17,Organic,1.84,142607.19
Great_Lakes,5/7/17,Organic,1.74,146983.33
Great_Lakes,5/14/17,Organic,1.68,143791.21
Great_Lakes,5/21/17,Organic,1.59,150790.27
Great_Lakes,5/28/17,Organic,1.72,160659.8
Great_Lakes,6/4/17,Organic,1.69,156456.85
Great_Lakes,6/11/17,Organic,1.13,261363.34
Great_Lakes,6/18/17,Organic,1.56,148060.59
Great_Lakes,6/25/17,Organic,1.59,130430.6
Great_Lakes,7/2/17,Organic,1.58,169966.3
Great_Lakes,7/9/17,Organic,1.62,153380.48
Great_Lakes,7/16/17,Organic,1.64,209543.04
Great_Lakes,7/23/17,Organic,1.68,208558.03
Great_Lakes,7/30/17,Organic,1.65,178141.22
Great_Lakes,8/6/17,Organic,1.65,125026.87
Great_Lakes,8/13/17,Organic,1.54,129785.91
Great_Lakes,8/20/17,Organic,1.6,133248.29
Great_Lakes,8/27/17,Organic,1.73,150638.77
Great_Lakes,9/3/17,Organic,1.82,157087.22
Great_Lakes,9/10/17,Organic,1.82,148357.84
Great_Lakes,9/17/17,Organic,1.84,151888.89
Great_Lakes,9/24/17,Organic,1.89,179687.73
Great_Lakes,10/1/17,Organic,1.72,180253.26
Great_Lakes,10/8/17,Organic,1.7,191866.1
Great_Lakes,10/15/17,Organic,1.68,197529.4
Great_Lakes,10/22/17,Organic,1.68,190579.53
Great_Lakes,10/29/17,Organic,1.7,176815.66
Great_Lakes,11/5/17,Organic,1.69,169816.92
Great_Lakes,11/12/17,Organic,1.64,159071.48
Great_Lakes,11/19/17,Organic,1.53,133203.19
Great_Lakes,11/26/17,Organic,1.52,141104.31
Great_Lakes,12/3/17,Organic,1.52,139934.06
Great_Lakes,12/10/17,Organic,1.49,148882.83
Great_Lakes,12/17/17,Organic,1.42,161673.33
Great_Lakes,12/24/17,Organic,1.5,170025.26
Great_Lakes,12/31/17,Organic,1.29,202521.83
Great_Lakes,1/1/18,Organic,1.29,202521.83
Great_Lakes,1/7/18,Organic,1.4,224698.1
Great_Lakes,1/14/18,Organic,1.45,243959.31
Great_Lakes,1/21/18,Organic,1.41,235021.5
Great_Lakes,1/28/18,Organic,1.42,200318.01
Great_Lakes,2/4/18,Organic,1.45,185270.31
Great_Lakes,2/11/18,Organic,1.44,175088.87
Great_Lakes,2/18/18,Organic,1.45,157146.89
Great_Lakes,2/25/18,Organic,1.49,176612.49
Great_Lakes,3/4/18,Organic,1.33,222950.32
Great_Lakes,3/11/18,Organic,1.31,324172.31
Great_Lakes,3/18/18,Organic,1.3,320320.99
Great_Lakes,3/25/18,Organic,1.47,182492.41
Great_Lakes,4/1/18,Organic,1.4,202003.28
Great_Lakes,4/8/18,Organic,1.43,205874.58
Great_Lakes,4/15/18,Organic,1.46,208356.75
Great_Lakes,4/22/18,Organic,1.45,215608.38
Great_Lakes,4/29/18,Organic,1.4,239584.67
Great_Lakes,5/6/18,Organic,1.47,219663.53
Great_Lakes,5/13/18,Organic,1.44,225045.67
Great_Lakes,5/20/18,Organic,1.46,235735.26
Great_Lakes,5/27/18,Organic,1.2,450749.72
Great_Lakes,6/3/18,Organic,1.22,400004.95
Great_Lakes,6/10/18,Organic,1.33,337310.53
Great_Lakes,6/17/18,Organic,0.94,520536.73
Great_Lakes,6/24/18,Organic,1.14,303588.82
Great_Lakes,7/1/18,Organic,1.48,208806.68
Great_Lakes,7/8/18,Organic,1.43,216750.58
Great_Lakes,7/15/18,Organic,1.51,202058.84
Great_Lakes,7/22/18,Organic,1.43,215611.36
Great_Lakes,7/29/18,Organic,1.38,213183.69
Great_Lakes,8/5/18,Organic,1.37,216697.32
Great_Lakes,8/12/18,Organic,1.53,164358.18
Great_Lakes,8/19/18,Organic,1.6,172029.46
Great_Lakes,8/26/18,Organic,1.61,165513.91
Great_Lakes,9/2/18,Organic,1.64,187469.92
Great_Lakes,9/9/18,Organic,1.63,179465.99
Great_Lakes,9/16/18,Organic,1.66,180803.03
Great_Lakes,9/23/18,Organic,1.63,189692.32
Great_Lakes,9/30/18,Organic,1.64,180867.49
Great_Lakes,10/7/18,Organic,1.64,187017.86
Great_Lakes,10/14/18,Organic,1.47,223617.29
Great_Lakes,10/21/18,Organic,1.38,232784.89
Great_Lakes,10/28/18,Organic,1.4,195362.15
Great_Lakes,11/4/18,Organic,1.36,198079.84
Great_Lakes,11/11/18,Organic,1.39,199758.79
Great_Lakes,11/18/18,Organic,1.4,199845.08
Great_Lakes,11/25/18,Organic,1.48,175992.88
Great_Lakes,12/2/18,Organic,1.36,190060.12
