price_optimization/kaggledata_till2018.csv
region,date,type,price,units_sold
Midsouth,1/4/15,Conventional,1.1,2578275.12
Midsouth,1/11/15,Conventional,1.17,2335986.11
Midsouth,1/18/15,Conventional,1.19,2330829.2
Midsouth,1/25/15,Conventional,1.15,2480820.72
Midsouth,2/1/15,Conventional,0.99,3668037.65
Midsouth,2/8/15,Conventional,1.06,2734006.98
Midsouth,2/15/15,Conventional,1.17,2420829.45
Midsouth,2/22/15,Conventional,1.1,2720346.71
Midsouth,3/1/15,Conventional,1.14,2538981.6
Midsouth,3/8/15,Conventional,1.21,2297509.11
Midsouth,3/15/15,Conventional,1.19,2462108.11
Midsouth,3/22/15,Conventional,1.11,2779012.66
Midsouth,3/29/15,Conventional,1.18,2523110.39
Midsouth,4/5/15,Conventional,1.19,2519677.31
Midsouth,4/12/15,Conventional,1.13,2829416.58
Midsouth,4/19/15,Conventional,1.18,2711008.32
Midsouth,4/26/15,Conventional,1.2,2699614.5
Midsouth,5/3/15,Conventional,1.07,3410467.52
Midsouth,5/10/15,Conventional,1.17,2956859.19
Midsouth,5/17/15,Conventional,1.18,2817008.33
Midsouth,5/24/15,Conventional,1.14,3119050.91
Midsouth,5/31/15,Conventional,1.14,3039403.06
Midsouth,6/7/15,Conventional,1.14,2918298.91
Midsouth,6/14/15,Conventional,1.09,3173051.42
Midsouth,6/21/15,Conventional,1.13,2979417.82
Midsouth,6/28/15,Conventional,1.14,2835630.41
Midsouth,7/5/15,Conventional,1.13,3183419.6
Midsouth,7/12/15,Conventional,1.13,2783554.82
Midsouth,7/19/15,Conventional,1.14,2751192.77
Midsouth,7/26/15,Conventional,1.15,2664424.22
Midsouth,8/2/15,Conventional,1.14,2752081.97
Midsouth,8/9/15,Conventional,1.15,2710710.15
Midsouth,8/16/15,Conventional,1.14,2823405.23
Midsouth,8/23/15,Conventional,1.12,2765838.1
Midsouth,8/30/15,Conventional,1.18,2535192.78
Midsouth,9/6/15,Conventional,1.08,3013825.75
Midsouth,9/13/15,Conventional,1.09,2814803.06
Midsouth,9/20/15,Conventional,1.13,2447264.74
Midsouth,9/27/15,Conventional,1.11,2390611.02
Midsouth,10/4/15,Conventional,1.18,2233935.94
Midsouth,10/11/15,Conventional,1.13,2329757.67
Midsouth,10/18/15,Conventional,1.05,2783170.15
Midsouth,10/25/15,Conventional,1.13,2188485.29
Midsouth,11/1/15,Conventional,1.08,2511760.36
Midsouth,11/8/15,Conventional,1.04,2503008.26
Midsouth,11/15/15,Conventional,1.02,2355839.19
Midsouth,11/22/15,Conventional,1.06,1903245
Midsouth,11/29/15,Conventional,1.05,1845443.13
Midsouth,12/6/15,Conventional,1,2233138.01
Midsouth,12/13/15,Conventional,1.03,2193142.82
Midsouth,12/20/15,Conventional,1.05,2044020.93
Midsouth,12/27/15,Conventional,1.05,2065131.33
Midsouth,1/3/16,Conventional,1.01,2967929.65
Midsouth,1/10/16,Conventional,1.04,2871898.66
Midsouth,1/17/16,Conventional,1.05,3001683.91
Midsouth,1/24/16,Conventional,1.01,3147902.67
Midsouth,1/31/16,Conventional,1,2881461.41
Midsouth,2/7/16,Conventional,0.91,4131614.84
Midsouth,2/14/16,Conventional,0.99,3173460.24
Midsouth,2/21/16,Conventional,1.06,2747176.06
Midsouth,2/28/16,Conventional,1.05,3032920.39
Midsouth,3/6/16,Conventional,1.1,2942515.87
Midsouth,3/13/16,Conventional,1.07,3093898.37
Midsouth,3/20/16,Conventional,1.05,3198477.41
Midsouth,3/27/16,Conventional,1.08,2911903.46
Midsouth,4/3/16,Conventional,1.07,2690267.94
Midsouth,4/10/16,Conventional,1.05,2836884.82
Midsouth,4/17/16,Conventional,1.06,3029003.02
Midsouth,4/24/16,Conventional,1.04,3332609.87
Midsouth,5/1/16,Conventional,0.99,3536333.98
Midsouth,5/8/16,Conventional,0.95,3850645.65
Midsouth,5/15/16,Conventional,1.04,3205037.79
Midsouth,5/22/16,Conventional,1.08,3154318.39
Midsouth,5/29/16,Conventional,1.09,3349139.43
Midsouth,6/5/16,Conventional,1.14,3223814.39
Midsouth,6/12/16,Conventional,1.15,3122351.17
Midsouth,6/19/16,Conventional,1.16,3304967.62
Midsouth,6/26/16,Conventional,1.17,3095673.83
Midsouth,7/3/16,Conventional,1.15,3393696.45
Midsouth,7/10/16,Conventional,1.19,3221650.74
Midsouth,7/17/16,Conventional,1.26,2940448.51
Midsouth,7/24/16,Conventional,1.32,2914817.51
Midsouth,7/31/16,Conventional,1.35,2787002.19
Midsouth,8/7/16,Conventional,1.3,2900751.48
Midsouth,8/14/16,Conventional,1.29,2901786.65
Midsouth,8/21/16,Conventional,1.27,2840526.38
Midsouth,8/28/16,Conventional,1.3,2799097.68
Midsouth,9/4/16,Conventional,1.2,3127950.4
Midsouth,9/11/16,Conventional,1.18,3068639.36
Midsouth,9/18/16,Conventional,1.28,2785256.41
Midsouth,9/25/16,Conventional,1.37,2568161.45
Midsouth,10/2/16,Conventional,1.38,2540672.44
Midsouth,10/9/16,Conventional,1.39,2469381.94
Midsouth,10/16/16,Conventional,1.4,2442981.97
Midsouth,10/23/16,Conventional,1.47,2287507.52
Midsouth,10/30/16,Conventional,1.48,2083054.88
Midsouth,11/6/16,Conventional,1.54,2077507.41
Midsouth,11/13/16,Conventional,1.52,2075282.76
Midsouth,11/20/16,Conventional,1.48,1999044.43
Midsouth,11/27/16,Conventional,1.4,1858065.15
Midsouth,12/4/16,Conventional,1.2,2359837.16
Midsouth,12/11/16,Conventional,1.15,2339977.39
Midsouth,12/18/16,Conventional,1.16,2242221.26
Midsouth,12/25/16,Conventional,1.23,2180512.1
Midsouth,1/1/17,Conventional,1.12,2878967.54
Midsouth,1/8/17,Conventional,1.11,3454819.97
Midsouth,1/15/17,Conventional,1.23,3034320.24
Midsouth,1/22/17,Conventional,1.17,3394184.15
Midsouth,1/29/17,Conventional,1.22,3151000.47
Midsouth,2/5/17,Conventional,0.95,4703681.01
Midsouth,2/12/17,Conventional,1.07,3403723.66
Midsouth,2/19/17,Conventional,1.19,2929351.67
Midsouth,2/26/17,Conventional,1.2,3310530.37
Midsouth,3/5/17,Conventional,1.14,3397985.84
Midsouth,3/12/17,Conventional,1.33,3059010.05
Midsouth,3/19/17,Conventional,1.35,2933076.38
Midsouth,3/26/17,Conventional,1.33,3162600.85
Midsouth,4/2/17,Conventional,1.3,3350938.53
Midsouth,4/9/17,Conventional,1.39,2990138.08
Midsouth,4/16/17,Conventional,1.43,2965083.46
Midsouth,4/23/17,Conventional,1.4,3060395.83
Midsouth,4/30/17,Conventional,1.38,3291328.16
Midsouth,5/7/17,Conventional,1.19,4372728.72
Midsouth,5/14/17,Conventional,1.31,3047596.25
Midsouth,5/21/17,Conventional,1.34,3232304.82
Midsouth,5/28/17,Conventional,1.38,3380161.63
Midsouth,6/4/17,Conventional,1.43,3212276.31
Midsouth,6/11/17,Conventional,1.34,3150788.24
Midsouth,6/18/17,Conventional,1.34,3032871.22
Midsouth,6/25/17,Conventional,1.27,3147519.14
Midsouth,7/2/17,Conventional,1.26,3218961.84
Midsouth,7/9/17,Conventional,1.29,3173372.45
Midsouth,7/16/17,Conventional,1.34,2827404.11
Midsouth,7/23/17,Conventional,1.34,2886538.37
Midsouth,7/30/17,Conventional,1.34,2817091.62
Midsouth,8/6/17,Conventional,1.34,2907563.95
Midsouth,8/13/17,Conventional,1.37,2902604.84
Midsouth,8/20/17,Conventional,1.41,2865414.36
Midsouth,8/27/17,Conventional,1.5,2617107.98
Midsouth,9/3/17,Conventional,1.54,2561783.52
Midsouth,9/10/17,Conventional,1.56,2428140.05
Midsouth,9/17/17,Conventional,1.55,2466838.85
Midsouth,9/24/17,Conventional,1.6,2466210.08
Midsouth,10/1/17,Conventional,1.64,2443800.39
Midsouth,10/8/17,Conventional,1.72,2133166.39
Midsouth,10/15/17,Conventional,1.63,2395914.69
Midsouth,10/22/17,Conventional,1.56,2380544.44
Midsouth,10/29/17,Conventional,1.41,2661899.8
Midsouth,11/5/17,Conventional,1.28,2880937.37
Midsouth,11/12/17,Conventional,1.33,2631186
Midsouth,11/19/17,Conventional,1.3,2462798
Midsouth,11/26/17,Conventional,1.33,2200251
Midsouth,12/3/17,Conventional,1.18,3003104
Midsouth,12/10/17,Conventional,1.07,3370521.81
Midsouth,12/17/17,Conventional,1.23,2483817.57
Midsouth,12/24/17,Conventional,1.26,2494315.29
Midsouth,12/31/17,Conventional,0.96,3777193.46
Midsouth,1/1/18,Conventional,0.96,3777193.46
Midsouth,1/7/18,Conventional,1.2,3437632.8
Midsouth,1/14/18,Conventional,1.28,3537243.04
Midsouth,1/21/18,Conventional,1.13,4022549.75
Midsouth,1/28/18,Conventional,1.19,3647362.37
Midsouth,2/4/18,Conventional,0.96,5286412.87
Midsouth,2/11/18,Conventional,1.1,3803512.06
Midsouth,2/18/18,Conventional,1.25,3135330.32
Midsouth,2/25/18,Conventional,1.24,3349766.24
Midsouth,3/4/18,Conventional,1.2,3554252.13
Midsouth,3/11/18,Conventional,1.15,3874143.18
Midsouth,3/18/18,Conventional,1.03,4558888.55
Midsouth,3/25/18,Conventional,1.14,3911075.35
Midsouth,4/1/18,Conventional,1.2,3651322.1
Midsouth,4/8/18,Conventional,1.12,3885361.48
Midsouth,4/15/18,Conventional,1.13,4029669.49
Midsouth,4/22/18,Conventional,1.23,3727718.68
Midsouth,4/29/18,Conventional,1.12,4293974.11
Midsouth,5/6/18,Conventional,0.91,6168571.61
Midsouth,5/13/18,Conventional,1.07,4342441.31
Midsouth,5/20/18,Conventional,1.13,4049413.9
Midsouth,5/27/18,Conventional,1.16,4204402.97
Midsouth,6/3/18,Conventional,1.23,3890137.58
Midsouth,6/10/18,Conventional,1.13,4180737.97
Midsouth,6/17/18,Conventional,1.19,4043773.22
Midsouth,6/24/18,Conventional,1.19,3771841.21
Midsouth,7/1/18,Conventional,1.19,3962203.01
Midsouth,7/8/18,Conventional,1.14,4217323.25
Midsouth,7/15/18,Conventional,1.14,3806707.14
Midsouth,7/22/18,Conventional,1.19,3573497.39
Midsouth,7/29/18,Conventional,1.21,3550499.15
Midsouth,8/5/18,Conventional,1.26,3572340.18
Midsouth,8/12/18,Conventional,1.08,4104881.73
Midsouth,8/19/18,Conventional,1.16,3861028.2
Midsouth,8/26/18,Conventional,1.24,3656116.48
Midsouth,9/2/18,Conventional,1.24,3757402.11
Midsouth,9/9/18,Conventional,1.26,3699685.4
Midsouth,9/16/18,Conventional,1.27,3354321.7
Midsouth,9/23/18,Conventional,1.25,3162726.02
Midsouth,9/30/18,Conventional,1.2,3173186.6
Midsouth,10/7/18,Conventional,1.22,3263065.4
Midsouth,10/14/18,Conventional,1.19,3250992.61
Midsouth,10/21/18,Conventional,1.17,3170061.34
Midsouth,10/28/18,Conventional,1.06,3565979.13
Midsouth,11/4/18,Conventional,1.08,3382044.3
Midsouth,11/11/18,Conventional,1.1,3331031.3
Midsouth,11/18/18,Conventional,1.2,2751544.23
Midsouth,11/25/18,Conventional,1.24,2312768.62
Midsouth,12/2/18,Conventional,1.24,2564668.8
Midsouth,1/4/15,Organic,1.56,58065.35
Midsouth,1/11/15,Organic,1.52,65483.08
Midsouth,1/18/15,Organic,1.65,52559.1
Midsouth,1/25/15,Organic,1.63,54932.83
Midsouth,2/1/15,Organic,1.44,72159.84
Midsouth,2/8/15,Organic,1.58,64774.28
Midsouth,2/15/15,Organic,1.48,67813.61
Midsouth,2/22/15,Organic,1.4,75957.01
Midsouth,3/1/15,Organic,1.61,62339.44
Midsouth,3/8/15,Organic,1.62,73251.74
Midsouth,3/15/15,Organic,1.65,58939.14
Midsouth,3/22/15,Organic,1.53,57978.41
Midsouth,3/29/15,Organic,1.65,64688.75
Midsouth,4/5/15,Organic,1.65,68150.51
Midsouth,4/12/15,Organic,1.53,76027.78
Midsouth,4/19/15,Organic,1.51,84443.98
Midsouth,4/26/15,Organic,1.46,83253.18
Midsouth,5/3/15,Organic,1.34,102916.4
Midsouth,5/10/15,Organic,1.28,107735.95
Midsouth,5/17/15,Organic,1.24,130073.74
Midsouth,5/24/15,Organic,1.37,107181.78
Midsouth,5/31/15,Organic,1.44,89469.59
Midsouth,6/7/15,Organic,1.47,84677.56
Midsouth,6/14/15,Organic,1.6,75740.17
Midsouth,6/21/15,Organic,1.65,67376.23
Midsouth,6/28/15,Organic,1.62,67201.29
Midsouth,7/5/15,Organic,1.61,72541.61
Midsouth,7/12/15,Organic,1.51,72375.15
Midsouth,7/19/15,Organic,1.51,69690.43
Midsouth,7/26/15,Organic,1.52,67600.74
Midsouth,8/2/15,Organic,1.71,68742.23
Midsouth,8/9/15,Organic,1.65,81469.58
Midsouth,8/16/15,Organic,1.7,69867.41
Midsouth,8/23/15,Organic,1.7,74965.16
Midsouth,8/30/15,Organic,1.7,69033.16
Midsouth,9/6/15,Organic,1.67,74083.65
Midsouth,9/13/15,Organic,1.75,62767.95
Midsouth,9/20/15,Organic,1.72,54619.72
Midsouth,9/27/15,Organic,1.76,52253.69
Midsouth,10/4/15,Organic,1.73,53587.09
Midsouth,10/11/15,Organic,1.53,60162.15
Midsouth,10/18/15,Organic,1.66,57077.28
Midsouth,10/25/15,Organic,1.7,55916.99
Midsouth,11/1/15,Organic,1.61,54907.07
Midsouth,11/8/15,Organic,1.66,49231.83
Midsouth,11/15/15,Organic,1.7,45159.24
Midsouth,11/22/15,Organic,1.66,46456.92
Midsouth,11/29/15,Organic,1.5,45599.48
Midsouth,12/6/15,Organic,1.59,43426.6
Midsouth,12/13/15,Organic,1.68,46565.74
Midsouth,12/20/15,Organic,1.71,43696.22
Midsouth,12/27/15,Organic,1.6,51768.23
Midsouth,1/3/16,Organic,1.54,64689.53
Midsouth,1/10/16,Organic,1.46,76440.12
Midsouth,1/17/16,Organic,1.59,57822.5
Midsouth,1/24/16,Organic,1.54,72219
Midsouth,1/31/16,Organic,1.47,71803.09
Midsouth,2/7/16,Organic,1.52,70234.9
Midsouth,2/14/16,Organic,1.52,66026.03
Midsouth,2/21/16,Organic,1.57,59602.55
Midsouth,2/28/16,Organic,1.58,60098.19
Midsouth,3/6/16,Organic,1.44,82249.97
Midsouth,3/13/16,Organic,1.4,91287.93
Midsouth,3/20/16,Organic,1.37,81394.4
Midsouth,3/27/16,Organic,1.4,86908.34
Midsouth,4/3/16,Organic,1.58,81780.18
Midsouth,4/10/16,Organic,1.18,143035.65
Midsouth,4/17/16,Organic,1.22,126949.67
Midsouth,4/24/16,Organic,1.5,104046.63
Midsouth,5/1/16,Organic,1.55,97128.22
Midsouth,5/8/16,Organic,1.39,103093.15
Midsouth,5/15/16,Organic,1.48,96681.58
Midsouth,5/22/16,Organic,1.37,109558.94
Midsouth,5/29/16,Organic,1.46,110144.07
Midsouth,6/5/16,Organic,1.37,121790.25
Midsouth,6/12/16,Organic,1.46,112023.04
Midsouth,6/19/16,Organic,1.36,112443.19
Midsouth,6/26/16,Organic,1.51,106015.19
Midsouth,7/3/16,Organic,1.52,106192.85
Midsouth,7/10/16,Organic,1.6,105955.43
Midsouth,7/17/16,Organic,1.59,118719.38
Midsouth,7/24/16,Organic,1.75,103128.79
Midsouth,7/31/16,Organic,1.56,113650.17
Midsouth,8/7/16,Organic,1.49,134739.2
Midsouth,8/14/16,Organic,1.62,112079.18
Midsouth,8/21/16,Organic,1.65,122874.61
Midsouth,8/28/16,Organic,1.51,121291.96
Midsouth,9/4/16,Organic,1.52,139031.27
Midsouth,9/11/16,Organic,1.5,140233.78
Midsouth,9/18/16,Organic,1.74,108615.07
Midsouth,9/25/16,Organic,1.74,107211.26
Midsouth,10/2/16,Organic,1.86,89438.27
Midsouth,10/9/16,Organic,1.34,136026.05
Midsouth,10/16/16,Organic,1.49,111504.63
Midsouth,10/23/16,Organic,1.37,125288.5
Midsouth,10/30/16,Organic,1.78,97718.73
Midsouth,11/6/16,Organic,1.48,134399.76
Midsouth,11/13/16,Organic,1.53,106921.43
Midsouth,11/20/16,Organic,1.46,113766.24
Midsouth,11/27/16,Organic,1.7,86492.45
Midsouth,12/4/16,Organic,1.59,83334.43
Midsouth,12/11/16,Organic,1.46,86740.86
Midsouth,12/18/16,Organic,1.46,77030.91
Midsouth,12/25/16,Organic,1.68,72923.61
Midsouth,1/1/17,Organic,1.72,72287.79
Midsouth,1/8/17,Organic,1.61,90503.81
Midsouth,1/15/17,Organic,1.67,88279.56
Midsouth,1/22/17,Organic,1.49,96918.39
Midsouth,1/29/17,Organic,1.54,95499.48
Midsouth,2/5/17,Organic,1.49,101147.78
Midsouth,2/12/17,Organic,1.21,129193.22
Midsouth,2/19/17,Organic,1.14,148184.85
Midsouth,2/26/17,Organic,1.12,139908.49
Midsouth,3/5/17,Organic,1.02,156551.27
Midsouth,3/12/17,Organic,1.35,121869.61
Midsouth,3/19/17,Organic,1.59,97030.81
Midsouth,3/26/17,Organic,1.41,139274.81
Midsouth,4/2/17,Organic,1.67,129499.97
Midsouth,4/9/17,Organic,1.5,137962.99
Midsouth,4/16/17,Organic,1.68,132011.04
Midsouth,4/23/17,Organic,2.03,107165.19
Midsouth,4/30/17,Organic,1.96,117715.93
Midsouth,5/7/17,Organic,1.96,111062.12
Midsouth,5/14/17,Organic,1.76,133422.58
Midsouth,5/21/17,Organic,1.9,116849.77
Midsouth,5/28/17,Organic,1.91,129046.19
Midsouth,6/4/17,Organic,1.85,127811.15
Midsouth,6/11/17,Organic,1.61,150302.38
Midsouth,6/18/17,Organic,1.73,127794.36
Midsouth,6/25/17,Organic,1.75,125035.1
Midsouth,7/2/17,Organic,1.78,120458.72
Midsouth,7/9/17,Organic,1.88,109427.64
Midsouth,7/16/17,Organic,1.69,140880.73
Midsouth,7/23/17,Organic,1.57,176562.15
Midsouth,7/30/17,Organic,1.68,143256.61
Midsouth,8/6/17,Organic,1.88,147783.08
Midsouth,8/13/17,Organic,1.85,129688.16
Midsouth,8/20/17,Organic,2.02,138392
Midsouth,8/27/17,Organic,2.17,141033.09
Midsouth,9/3/17,Organic,2.13,167349.41
Midsouth,9/10/17,Organic,2.03,168953.84
Midsouth,9/17/17,Organic,1.93,158623.92
Midsouth,9/24/17,Organic,1.91,176556.11
Midsouth,10/1/17,Organic,1.99,149030.87
Midsouth,10/8/17,Organic,1.87,176218.89
Midsouth,10/15/17,Organic,1.84,174355
Midsouth,10/22/17,Organic,1.8,168429.18
Midsouth,10/29/17,Organic,1.8,156848.8
Midsouth,11/5/17,Organic,1.85,137573.44
Midsouth,11/12/17,Organic,1.82,131020.52
Midsouth,11/19/17,Organic,1.82,108987.74
Midsouth,11/26/17,Organic,1.75,117915.02
Midsouth,12/3/17,Organic,1.66,131588.67
Midsouth,12/10/17,Organic,1.61,140885.3
Midsouth,12/17/17,Organic,1.66,129898.85
Midsouth,12/24/17,Organic,1.67,131240.16
Midsouth,12/31/17,Organic,1.6,152399.77
Midsouth,1/1/18,Organic,1.6,152399.77
Midsouth,1/7/18,Organic,1.22,283583.37
Midsouth,1/14/18,Organic,1.48,218369.75
Midsouth,1/21/18,Organic,1.68,152056.12
Midsouth,1/28/18,Organic,1.62,162896.45
Midsouth,2/4/18,Organic,1.69,158995.14
Midsouth,2/11/18,Organic,1.6,157203.29
Midsouth,2/18/18,Organic,1.62,167151.11
Midsouth,2/25/18,Organic,1.61,179220.19
Midsouth,3/4/18,Organic,1.61,170250.03
Midsouth,3/11/18,Organic,1.53,185141.54
Midsouth,3/18/18,Organic,1.52,179316.2
Midsouth,3/25/18,Organic,1.55,181040.19
Midsouth,4/1/18,Organic,1.61,179008.4
Midsouth,4/8/18,Organic,1.49,215689.75
Midsouth,4/15/18,Organic,1.53,215068.48
Midsouth,4/22/18,Organic,1.57,216629.5
Midsouth,4/29/18,Organic,1.59,193335.07
Midsouth,5/6/18,Organic,1.55,211985
Midsouth,5/13/18,Organic,1.55,209317.25
Midsouth,5/20/18,Organic,1.52,215464.97
Midsouth,5/27/18,Organic,1.57,211383.8
Midsouth,6/3/18,Organic,1.57,214733.54
Midsouth,6/10/18,Organic,1.57,208119.44
Midsouth,6/17/18,Organic,1.54,211881.93
Midsouth,6/24/18,Organic,1.53,213051.68
Midsouth,7/1/18,Organic,1.57,203081.56
Midsouth,7/8/18,Organic,1.69,164192.26
Midsouth,7/15/18,Organic,1.68,183517.16
Midsouth,7/22/18,Organic,1.68,183688.6
Midsouth,7/29/18,Organic,1.73,171124.82
Midsouth,8/5/18,Organic,1.78,162591.71
Midsouth,8/12/18,Organic,1.73,141562.89
Midsouth,8/19/18,Organic,1.8,137021.22
Midsouth,8/26/18,Organic,1.83,140439.51
Midsouth,9/2/18,Organic,1.8,160235.9
Midsouth,9/9/18,Organic,1.85,158208.36
Midsouth,9/16/18,Organic,1.77,147487.44
Midsouth,9/23/18,Organic,1.78,151615.66
Midsouth,9/30/18,Organic,1.74,175158.8
Midsouth,10/7/18,Organic,1.75,167541.86
Midsouth,10/14/18,Organic,1.55,190417.53
Midsouth,10/21/18,Organic,1.42,199339
Midsouth,10/28/18,Organic,1.39,182655.18
Midsouth,11/4/18,Organic,1.41,170064.41
Midsouth,11/11/18,Organic,1.51,173796.57
Midsouth,11/18/18,Organic,1.64,165933.47
Midsouth,11/25/18,Organic,1.66,121067.66
Midsouth,12/2/18,Organic,1.51,172848.3
