price_optimization/kaggledata_till2018.csv
region,date,type,price,units_sold
Northeast,1/4/15,Conventional,1.09,3759282.62
Northeast,1/11/15,Conventional,1.28,3056024.77
Northeast,1/18/15,Conventional,1.32,3066789.62
Northeast,1/25/15,Conventional,1.27,3238501.89
Northeast,2/1/15,Conventional,1.23,4298883.17
Northeast,2/8/15,Conventional,1.09,4457049.41
Northeast,2/15/15,Conventional,1.29,2983695.9
Northeast,2/22/15,Conventional,1.29,3042447.03
Northeast,3/1/15,Conventional,1.15,3780455.44
Northeast,3/8/15,Conventional,1.27,3250832.53
Northeast,3/15/15,Conventional,1.34,3135991.73
Northeast,3/22/15,Conventional,1.22,3520408.65
Northeast,3/29/15,Conventional,1.26,3497026.98
Northeast,4/5/15,Conventional,1.34,3467770.71
Northeast,4/12/15,Conventional,1.33,3203213.09
Northeast,4/19/15,Conventional,1.31,3786141.18
Northeast,4/26/15,Conventional,1.36,3646363.66
Northeast,5/3/15,Conventional,1.24,4597313.41
Northeast,5/10/15,Conventional,1.21,5498650.28
Northeast,5/17/15,Conventional,1.33,4094677.85
Northeast,5/24/15,Conventional,1.26,4661457.29
Northeast,5/31/15,Conventional,1.34,4329239.82
Northeast,6/7/15,Conventional,1.27,4721927.3
Northeast,6/14/15,Conventional,1.2,4561749.66
Northeast,6/21/15,Conventional,1.27,4508474
Northeast,6/28/15,Conventional,1.3,4100932.47
Northeast,7/5/15,Conventional,1.24,4855273.71
Northeast,7/12/15,Conventional,1.2,4454138.91
Northeast,7/19/15,Conventional,1.27,4169213.2
Northeast,7/26/15,Conventional,1.28,3757524.71
Northeast,8/2/15,Conventional,1.19,4154658.67
Northeast,8/9/15,Conventional,1.1,4786334.13
Northeast,8/16/15,Conventional,1.17,4221435.38
Northeast,8/23/15,Conventional,1.13,4146220.81
Northeast,8/30/15,Conventional,1.2,3825966.51
Northeast,9/6/15,Conventional,1.18,4088061.71
Northeast,9/13/15,Conventional,1.14,4205294.58
Northeast,9/20/15,Conventional,1.21,3334592
Northeast,9/27/15,Conventional,1.13,3739072.7
Northeast,10/4/15,Conventional,1.21,3585183.3
Northeast,10/11/15,Conventional,1.23,3307828.65
Northeast,10/18/15,Conventional,0.99,4866607.14
Northeast,10/25/15,Conventional,1.15,3306614.18
Northeast,11/1/15,Conventional,1.09,4801621.08
Northeast,11/8/15,Conventional,1.1,4205775.44
Northeast,11/15/15,Conventional,1.09,3538946.22
Northeast,11/22/15,Conventional,1.16,3026217.24
Northeast,11/29/15,Conventional,1.22,2593780.51
Northeast,12/6/15,Conventional,1.14,3218494.55
Northeast,12/13/15,Conventional,1.09,3696551.52
Northeast,12/20/15,Conventional,1.2,3190120.04
Northeast,12/27/15,Conventional,1.2,3156360.2
Northeast,1/3/16,Conventional,1.07,4524219.73
Northeast,1/10/16,Conventional,1.2,3890225.41
Northeast,1/17/16,Conventional,1.09,4891516.5
Northeast,1/24/16,Conventional,1.21,4412280.93
Northeast,1/31/16,Conventional,1.06,4650798.49
Northeast,2/7/16,Conventional,1.03,5919226.12
Northeast,2/14/16,Conventional,1.08,4959257.88
Northeast,2/21/16,Conventional,1.21,3948234.94
Northeast,2/28/16,Conventional,1.15,4481119.44
Northeast,3/6/16,Conventional,1.21,4226925.7
Northeast,3/13/16,Conventional,1.13,4713935.35
Northeast,3/20/16,Conventional,1.11,4834759.09
Northeast,3/27/16,Conventional,1.23,4239016.69
Northeast,4/3/16,Conventional,1.18,3872680.79
Northeast,4/10/16,Conventional,1.09,3756625.12
Northeast,4/17/16,Conventional,1.12,3849051.4
Northeast,4/24/16,Conventional,1.13,4815249.22
Northeast,5/1/16,Conventional,1.12,5247266.74
Northeast,5/8/16,Conventional,0.87,6899727.12
Northeast,5/15/16,Conventional,1.13,4999100.74
Northeast,5/22/16,Conventional,1.14,4609250.24
Northeast,5/29/16,Conventional,1.14,5141314.86
Northeast,6/5/16,Conventional,1.35,4570515.87
Northeast,6/12/16,Conventional,1.34,4599028.54
Northeast,6/19/16,Conventional,1.4,4506892.62
Northeast,6/26/16,Conventional,1.28,4840949.87
Northeast,7/3/16,Conventional,1.41,4486744.99
Northeast,7/10/16,Conventional,1.33,4487625.78
Northeast,7/17/16,Conventional,1.49,3736814.35
Northeast,7/24/16,Conventional,1.54,3834290.51
Northeast,7/31/16,Conventional,1.6,3813808.25
Northeast,8/7/16,Conventional,1.47,4024822.13
Northeast,8/14/16,Conventional,1.37,4195423.29
Northeast,8/21/16,Conventional,1.4,4127080.33
Northeast,8/28/16,Conventional,1.4,4309301.79
Northeast,9/4/16,Conventional,1.4,4019648.55
Northeast,9/11/16,Conventional,1.28,4456957.62
Northeast,9/18/16,Conventional,1.45,3442454.03
Northeast,9/25/16,Conventional,1.53,3458790.86
Northeast,10/2/16,Conventional,1.59,3257752.57
Northeast,10/9/16,Conventional,1.54,3350949.74
Northeast,10/16/16,Conventional,1.65,3107049.25
Northeast,10/23/16,Conventional,1.67,2916578.9
Northeast,10/30/16,Conventional,1.72,2364424.49
Northeast,11/6/16,Conventional,1.71,2507401.04
Northeast,11/13/16,Conventional,1.67,2706838.44
Northeast,11/20/16,Conventional,1.51,3206946.52
Northeast,11/27/16,Conventional,1.51,2701518.48
Northeast,12/4/16,Conventional,1.4,3222663.98
Northeast,12/11/16,Conventional,1.32,3381321.05
Northeast,12/18/16,Conventional,1.22,3686005.68
Northeast,12/25/16,Conventional,1.36,3216470.61
Northeast,1/1/17,Conventional,1.35,3513388.32
Northeast,1/8/17,Conventional,1.25,4691937.5
Northeast,1/15/17,Conventional,1.36,4250958.55
Northeast,1/22/17,Conventional,1.39,5007356.22
Northeast,1/29/17,Conventional,1.39,4155042.11
Northeast,2/5/17,Conventional,1.23,6724196.61
Northeast,2/12/17,Conventional,1.19,5367769.78
Northeast,2/19/17,Conventional,1.36,3526205.21
Northeast,2/26/17,Conventional,1.43,3980574.14
Northeast,3/5/17,Conventional,1.34,4468555.34
Northeast,3/12/17,Conventional,1.6,3779295.69
Northeast,3/19/17,Conventional,1.59,3768359.35
Northeast,3/26/17,Conventional,1.54,3977196.18
Northeast,4/2/17,Conventional,1.62,3988654.48
Northeast,4/9/17,Conventional,1.6,4313430.98
Northeast,4/16/17,Conventional,1.65,4043204.76
Northeast,4/23/17,Conventional,1.59,3846196.3
Northeast,4/30/17,Conventional,1.6,4289149.75
Northeast,5/7/17,Conventional,1.53,5262336.16
Northeast,5/14/17,Conventional,1.67,4163120.72
Northeast,5/21/17,Conventional,1.66,4110305.09
Northeast,5/28/17,Conventional,1.71,4529672.68
Northeast,6/4/17,Conventional,1.74,4096560.83
Northeast,6/11/17,Conventional,1.68,4060850.93
Northeast,6/18/17,Conventional,1.68,3945270.4
Northeast,6/25/17,Conventional,1.54,4121661.3
Northeast,7/2/17,Conventional,1.63,4035234.26
Northeast,7/9/17,Conventional,1.58,4406341.73
Northeast,7/16/17,Conventional,1.5,4180237.98
Northeast,7/23/17,Conventional,1.46,4222039.27
Northeast,7/30/17,Conventional,1.49,4018833.97
Northeast,8/6/17,Conventional,1.52,4132666.26
Northeast,8/13/17,Conventional,1.49,4323440.02
Northeast,8/20/17,Conventional,1.68,3417507.87
Northeast,8/27/17,Conventional,1.7,3374546.02
Northeast,9/3/17,Conventional,1.75,3330799.31
Northeast,9/10/17,Conventional,1.61,3536857.97
Northeast,9/17/17,Conventional,1.54,3350043.59
Northeast,9/24/17,Conventional,1.59,3424954.07
Northeast,10/1/17,Conventional,1.61,3438536.39
Northeast,10/8/17,Conventional,1.63,3065336.1
Northeast,10/15/17,Conventional,1.62,3251117.56
Northeast,10/22/17,Conventional,1.51,3380058.07
Northeast,10/29/17,Conventional,1.52,3430235.17
Northeast,11/5/17,Conventional,1.45,3492828.1
Northeast,11/12/17,Conventional,1.35,3925104
Northeast,11/19/17,Conventional,1.37,3680754
Northeast,11/26/17,Conventional,1.37,3269460
Northeast,12/3/17,Conventional,1.32,4030251
Northeast,12/10/17,Conventional,1.17,5543004.84
Northeast,12/17/17,Conventional,1.35,3504253.8
Northeast,12/24/17,Conventional,1.37,3489057.04
Northeast,12/31/17,Conventional,1.31,3652549.7
Northeast,1/1/18,Conventional,1.31,3652549.7
Northeast,1/7/18,Conventional,1.43,4230002.92
Northeast,1/14/18,Conventional,1.49,4073408.38
Northeast,1/21/18,Conventional,1.25,6137752.61
Northeast,1/28/18,Conventional,1.23,5680957.63
Northeast,2/4/18,Conventional,1.22,7508650.27
Northeast,2/11/18,Conventional,1.24,5694136.21
Northeast,2/18/18,Conventional,1.31,4112725.9
Northeast,2/25/18,Conventional,1.3,4525386.69
Northeast,3/4/18,Conventional,1.22,5318554.52
Northeast,3/11/18,Conventional,1.27,5214137.33
Northeast,3/18/18,Conventional,1.34,4621126.31
Northeast,3/25/18,Conventional,1.35,5134637.05
Northeast,4/1/18,Conventional,1.3,5168451.96
Northeast,4/8/18,Conventional,1.26,5139190.29
Northeast,4/15/18,Conventional,1.23,7088324.71
Northeast,4/22/18,Conventional,1.26,5421793.15
Northeast,4/29/18,Conventional,1.1,6678816.69
Northeast,5/6/18,Conventional,1.12,8836406.22
Northeast,5/13/18,Conventional,1.13,6694854.89
Northeast,5/20/18,Conventional,1.25,5601182.31
Northeast,5/27/18,Conventional,1.14,7156855.33
Northeast,6/3/18,Conventional,1.24,6076276.2
Northeast,6/10/18,Conventional,1.1,7281658.42
Northeast,6/17/18,Conventional,1.2,6563643.54
Northeast,6/24/18,Conventional,1.19,6292669.15
Northeast,7/1/18,Conventional,1.22,6193875.15
Northeast,7/8/18,Conventional,1.22,6552745.25
Northeast,7/15/18,Conventional,1.2,5921732.45
Northeast,7/22/18,Conventional,1.19,5610920.04
Northeast,7/29/18,Conventional,1.16,5960038.17
Northeast,8/5/18,Conventional,1.21,5521996.85
Northeast,8/12/18,Conventional,1.19,5875181.63
Northeast,8/19/18,Conventional,1.29,5019858.95
Northeast,8/26/18,Conventional,1.29,5201734.21
Northeast,9/2/18,Conventional,1.38,4848734.6
Northeast,9/9/18,Conventional,1.37,5359177.12
Northeast,9/16/18,Conventional,1.36,4368726
Northeast,9/23/18,Conventional,1.31,4455132.05
Northeast,9/30/18,Conventional,1.34,4593664.58
Northeast,10/7/18,Conventional,1.32,4471767.51
Northeast,10/14/18,Conventional,1.32,4476416.64
Northeast,10/21/18,Conventional,1.29,4524469.31
Northeast,10/28/18,Conventional,1.31,4976162.62
Northeast,11/4/18,Conventional,1.27,4504201.72
Northeast,11/11/18,Conventional,1.3,4611369.31
Northeast,11/18/18,Conventional,1.34,4112265.79
Northeast,11/25/18,Conventional,1.42,2930050.04
Northeast,12/2/18,Conventional,1.5,3036077.24
Northeast,1/4/15,Organic,1.88,48280.46
Northeast,1/11/15,Organic,1.86,50079.81
Northeast,1/18/15,Organic,1.94,35304.15
Northeast,1/25/15,Organic,1.92,40358.44
Northeast,2/1/15,Organic,1.78,63537.1
Northeast,2/8/15,Organic,1.85,65898.99
Northeast,2/15/15,Organic,1.84,57627.38
Northeast,2/22/15,Organic,1.9,56898.92
Northeast,3/1/15,Organic,1.85,56799.83
Northeast,3/8/15,Organic,1.79,60655.7
Northeast,3/15/15,Organic,1.83,43012.32
Northeast,3/22/15,Organic,1.92,44128.54
Northeast,3/29/15,Organic,1.95,46496.41
Northeast,4/5/15,Organic,1.91,52969.72
Northeast,4/12/15,Organic,1.81,69377.2
Northeast,4/19/15,Organic,1.94,60348.96
Northeast,4/26/15,Organic,1.96,53200.63
Northeast,5/3/15,Organic,1.89,67904.99
Northeast,5/10/15,Organic,1.9,68804.21
Northeast,5/17/15,Organic,1.92,68435.46
Northeast,5/24/15,Organic,1.97,63674.1
Northeast,5/31/15,Organic,1.89,63807.3
Northeast,6/7/15,Organic,2.02,57645.02
Northeast,6/14/15,Organic,1.93,65593.37
Northeast,6/21/15,Organic,2.12,48785.22
Northeast,6/28/15,Organic,1.93,56485.02
Northeast,7/5/15,Organic,2.09,45881.11
Northeast,7/12/15,Organic,2.01,40245.19
Northeast,7/19/15,Organic,2.07,47878.48
Northeast,7/26/15,Organic,1.94,45208.21
Northeast,8/2/15,Organic,2.02,51879.97
Northeast,8/9/15,Organic,1.89,59179.16
Northeast,8/16/15,Organic,2.11,47299.93
Northeast,8/23/15,Organic,1.99,54255.52
Northeast,8/30/15,Organic,2.01,50307.57
Northeast,9/6/15,Organic,1.86,64445.98
Northeast,9/13/15,Organic,1.97,49376.19
Northeast,9/20/15,Organic,1.93,47669.22
Northeast,9/27/15,Organic,2.12,41882.91
Northeast,10/4/15,Organic,1.82,53701.26
Northeast,10/11/15,Organic,1.69,55097.44
Northeast,10/18/15,Organic,1.7,51045.02
Northeast,10/25/15,Organic,1.69,56802.46
Northeast,11/1/15,Organic,1.74,48955.21
Northeast,11/8/15,Organic,1.63,54182.7
Northeast,11/15/15,Organic,1.58,52680.94
Northeast,11/22/15,Organic,1.63,55389.85
Northeast,11/29/15,Organic,1.59,48901.36
Northeast,12/6/15,Organic,1.53,67245.25
Northeast,12/13/15,Organic,1.8,76466.85
Northeast,12/20/15,Organic,1.77,73826.41
Northeast,12/27/15,Organic,1.7,75884.69
Northeast,1/3/16,Organic,1.54,79900.43
Northeast,1/10/16,Organic,1.52,99539.08
Northeast,1/17/16,Organic,1.67,76290.32
Northeast,1/24/16,Organic,1.82,89368.59
Northeast,1/31/16,Organic,1.73,87698.15
Northeast,2/7/16,Organic,1.9,96595.25
Northeast,2/14/16,Organic,1.95,83662.7
Northeast,2/21/16,Organic,1.77,87442.77
Northeast,2/28/16,Organic,1.8,109507.5
Northeast,3/6/16,Organic,1.79,113859.82
Northeast,3/13/16,Organic,1.75,103718.78
Northeast,3/20/16,Organic,1.75,104018.17
Northeast,3/27/16,Organic,1.85,114767.54
Northeast,4/3/16,Organic,1.88,124627.43
Northeast,4/10/16,Organic,1.88,114275.61
Northeast,4/17/16,Organic,1.84,119446.75
Northeast,4/24/16,Organic,1.9,151219.06
Northeast,5/1/16,Organic,1.94,151476.61
Northeast,5/8/16,Organic,1.78,123022.55
Northeast,5/15/16,Organic,1.79,112278.17
Northeast,5/22/16,Organic,1.81,134280.15
Northeast,5/29/16,Organic,1.87,111097.01
Northeast,6/5/16,Organic,1.79,102940.66
Northeast,6/12/16,Organic,1.71,93841.12
Northeast,6/19/16,Organic,1.9,116678.91
Northeast,6/26/16,Organic,1.91,115923.75
Northeast,7/3/16,Organic,1.86,152428.41
Northeast,7/10/16,Organic,1.99,131639.67
Northeast,7/17/16,Organic,2.07,149636.3
Northeast,7/24/16,Organic,1.89,88923.85
Northeast,7/31/16,Organic,1.87,73835.93
Northeast,8/7/16,Organic,1.88,87942.88
Northeast,8/14/16,Organic,1.85,76276.8
Northeast,8/21/16,Organic,1.75,106119.98
Northeast,8/28/16,Organic,1.84,71636.65
Northeast,9/4/16,Organic,1.92,128284.46
Northeast,9/11/16,Organic,1.95,165386.89
Northeast,9/18/16,Organic,2.04,137076.37
Northeast,9/25/16,Organic,1.96,111261.71
Northeast,10/2/16,Organic,1.99,100529.39
Northeast,10/9/16,Organic,1.91,87711.53
Northeast,10/16/16,Organic,1.86,73430.26
Northeast,10/23/16,Organic,1.7,57081.84
Northeast,10/30/16,Organic,1.96,72130.37
Northeast,11/6/16,Organic,2.07,89099.08
Northeast,11/13/16,Organic,2.13,82987.85
Northeast,11/20/16,Organic,1.93,119375.15
Northeast,11/27/16,Organic,2.13,85024.33
Northeast,12/4/16,Organic,2,117562.6
Northeast,12/11/16,Organic,2.01,106002.64
Northeast,12/18/16,Organic,1.94,113583.14
Northeast,12/25/16,Organic,2,109788.24
Northeast,1/1/17,Organic,2,115256.09
Northeast,1/8/17,Organic,1.99,132079.47
Northeast,1/15/17,Organic,1.94,134840.81
Northeast,1/22/17,Organic,1.93,135079.52
Northeast,1/29/17,Organic,1.93,132820.76
Northeast,2/5/17,Organic,1.81,160843.63
Northeast,2/12/17,Organic,1.91,153268.97
Northeast,2/19/17,Organic,1.43,592952.35
Northeast,2/26/17,Organic,1.82,182655.98
Northeast,3/5/17,Organic,1.8,225597.13
Northeast,3/12/17,Organic,2.18,186709.79
Northeast,3/19/17,Organic,1.88,276084.84
Northeast,3/26/17,Organic,2.1,191466.91
Northeast,4/2/17,Organic,1.89,256548.81
Northeast,4/9/17,Organic,2.12,171036.27
Northeast,4/16/17,Organic,1.91,265298.41
Northeast,4/23/17,Organic,2.09,180814.14
Northeast,4/30/17,Organic,1.91,278038.48
Northeast,5/7/17,Organic,2.16,205224.24
Northeast,5/14/17,Organic,2.09,202280.64
Northeast,5/21/17,Organic,2.15,186553.95
Northeast,5/28/17,Organic,2.18,194487.92
Northeast,6/4/17,Organic,2,251838.53
Northeast,6/11/17,Organic,2.26,191985.27
Northeast,6/18/17,Organic,1.98,307563.37
Northeast,6/25/17,Organic,2.26,181964.19
Northeast,7/2/17,Organic,2.29,170194.95
Northeast,7/9/17,Organic,2.31,160288.02
Northeast,7/16/17,Organic,1.66,240537.76
Northeast,7/23/17,Organic,1.63,272856.18
Northeast,7/30/17,Organic,1.74,214612.36
Northeast,8/6/17,Organic,1.74,216000.77
Northeast,8/13/17,Organic,1.85,200716.07
Northeast,8/20/17,Organic,1.79,251156.79
Northeast,8/27/17,Organic,1.89,215129.8
Northeast,9/3/17,Organic,1.92,223548.33
Northeast,9/10/17,Organic,1.85,244428.88
Northeast,9/17/17,Organic,1.74,238274.56
Northeast,9/24/17,Organic,1.68,255258.55
Northeast,10/1/17,Organic,1.7,236097.14
Northeast,10/8/17,Organic,1.64,275572
Northeast,10/15/17,Organic,1.7,269123.79
Northeast,10/22/17,Organic,1.68,264208.2
Northeast,10/29/17,Organic,1.76,264941.06
Northeast,11/5/17,Organic,1.82,239371.8
Northeast,11/12/17,Organic,1.81,231677.48
Northeast,11/19/17,Organic,1.84,204565.99
Northeast,11/26/17,Organic,1.77,190028.7
Northeast,12/3/17,Organic,1.67,247242.48
Northeast,12/10/17,Organic,1.6,251595.19
Northeast,12/17/17,Organic,1.66,222261.39
Northeast,12/24/17,Organic,1.67,237711.39
Northeast,12/31/17,Organic,1.66,229313.64
Northeast,1/1/18,Organic,1.66,229313.64
Northeast,1/7/18,Organic,1.75,264448.77
Northeast,1/14/18,Organic,1.67,272690.13
Northeast,1/21/18,Organic,1.75,215742.94
Northeast,1/28/18,Organic,1.56,319174.35
Northeast,2/4/18,Organic,1.66,273309.58
Northeast,2/11/18,Organic,1.69,233976.66
Northeast,2/18/18,Organic,1.39,793464.77
Northeast,2/25/18,Organic,1.63,303577.39
Northeast,3/4/18,Organic,1.65,313200.35
Northeast,3/11/18,Organic,1.76,288008.65
Northeast,3/18/18,Organic,1.64,419607.75
Northeast,3/25/18,Organic,1.58,374859.68
Northeast,4/1/18,Organic,1.59,366391.42
Northeast,4/8/18,Organic,1.62,302581.25
Northeast,4/15/18,Organic,1.57,319905.51
Northeast,4/22/18,Organic,1.54,390475.98
Northeast,4/29/18,Organic,1.6,335452.84
Northeast,5/6/18,Organic,1.55,321411.78
Northeast,5/13/18,Organic,1.52,395603.64
Northeast,5/20/18,Organic,1.56,328951.01
Northeast,5/27/18,Organic,1.53,317412.83
Northeast,6/3/18,Organic,1.61,362681.84
Northeast,6/10/18,Organic,1.65,253502.71
Northeast,6/17/18,Organic,1.6,400174.36
Northeast,6/24/18,Organic,1.63,272360.05
Northeast,7/1/18,Organic,1.68,256976.27
Northeast,7/8/18,Organic,1.74,247609.78
Northeast,7/15/18,Organic,1.64,327208.57
Northeast,7/22/18,Organic,1.68,265993.43
Northeast,7/29/18,Organic,1.62,276945.37
Northeast,8/5/18,Organic,1.75,250104.35
Northeast,8/12/18,Organic,1.66,255921.09
Northeast,8/19/18,Organic,1.73,270096.35
Northeast,8/26/18,Organic,1.64,275852.93
Northeast,9/2/18,Organic,1.72,289972.43
Northeast,9/9/18,Organic,1.71,289605.21
Northeast,9/16/18,Organic,1.72,250871.92
Northeast,9/23/18,Organic,1.69,270381.87
Northeast,9/30/18,Organic,1.7,257904.11
Northeast,10/7/18,Organic,1.58,280087.75
Northeast,10/14/18,Organic,1.49,319366.39
Northeast,10/21/18,Organic,1.49,282191.91
Northeast,10/28/18,Organic,1.53,259044.89
Northeast,11/4/18,Organic,1.56,248929.49
Northeast,11/11/18,Organic,1.55,245444.79
Northeast,11/18/18,Organic,1.42,383190.85
Northeast,11/25/18,Organic,1.74,223533.08
Northeast,12/2/18,Organic,1.52,231216.75
