price_optimization/kaggledata_till2018.csv
region,date,type,price,units_sold
Northern_New_England,1/4/15,Conventional,1.05,321823.77
Northern_New_England,1/11/15,Conventional,1.06,314717.03
Northern_New_England,1/18/15,Conventional,1.12,309202.71
Northern_New_England,1/25/15,Conventional,1.06,290611.31
Northern_New_England,2/1/15,Conventional,1.06,412752.74
Northern_New_England,2/8/15,Conventional,1.03,363935.24
Northern_New_England,2/15/15,Conventional,1.11,288514.78
Northern_New_England,2/22/15,Conventional,1.13,264118.86
Northern_New_England,3/1/15,Conventional,1.05,355677.99
Northern_New_England,3/8/15,Conventional,1.09,287963.73
Northern_New_England,3/15/15,Conventional,1.15,301852.8
Northern_New_England,3/22/15,Conventional,1.19,282155.05
Northern_New_England,3/29/15,Conventional,1.07,412639.2
Northern_New_England,4/5/15,Conventional,1.19,309143.83
Northern_New_England,4/12/15,Conventional,1.16,306250.63
Northern_New_England,4/19/15,Conventional,1.13,346561.62
Northern_New_England,4/26/15,Conventional,1.24,311879.23
Northern_New_England,5/3/15,Conventional,1.16,366987.36
Northern_New_England,5/10/15,Conventional,1.05,578436.76
Northern_New_England,5/17/15,Conventional,1.15,422484.37
Northern_New_England,5/24/15,Conventional,1.04,512172.44
Northern_New_England,5/31/15,Conventional,1.2,413699.46
Northern_New_England,6/7/15,Conventional,1.17,427216.77
Northern_New_England,6/14/15,Conventional,1.04,537725.07
Northern_New_England,6/21/15,Conventional,1.18,425885.58
Northern_New_England,6/28/15,Conventional,1.14,452801.32
Northern_New_England,7/5/15,Conventional,1.15,536642.98
Northern_New_England,7/12/15,Conventional,1.1,509215.2
Northern_New_England,7/19/15,Conventional,1.03,594451.88
Northern_New_England,7/26/15,Conventional,1.25,402791.86
Northern_New_England,8/2/15,Conventional,1.25,417082.92
Northern_New_England,8/9/15,Conventional,1.03,579226.47
Northern_New_England,8/16/15,Conventional,1.23,372516
Northern_New_England,8/23/15,Conventional,1.18,400101.77
Northern_New_England,8/30/15,Conventional,1.13,395127.18
Northern_New_England,9/6/15,Conventional,1.01,508207.79
Northern_New_England,9/13/15,Conventional,1.09,356105.25
Northern_New_England,9/20/15,Conventional,1.17,322729.94
Northern_New_England,9/27/15,Conventional,0.98,458602.59
Northern_New_England,10/4/15,Conventional,1.12,298222.53
Northern_New_England,10/11/15,Conventional,1.19,278472.66
Northern_New_England,10/18/15,Conventional,1,402466.4
Northern_New_England,10/25/15,Conventional,1.08,313881.26
Northern_New_England,11/1/15,Conventional,1.07,350260.55
Northern_New_England,11/8/15,Conventional,0.96,489339.78
Northern_New_England,11/15/15,Conventional,1.07,287015.98
Northern_New_England,11/22/15,Conventional,1.08,274209.2
Northern_New_England,11/29/15,Conventional,1.25,219689.9
Northern_New_England,12/6/15,Conventional,1.11,303058.29
Northern_New_England,12/13/15,Conventional,0.95,407482.83
Northern_New_England,12/20/15,Conventional,1.17,284808.22
Northern_New_England,12/27/15,Conventional,1.21,304598.42
Northern_New_England,1/3/16,Conventional,0.96,553828.14
Northern_New_England,1/10/16,Conventional,1.24,343406.89
Northern_New_England,1/17/16,Conventional,1.08,447078.92
Northern_New_England,1/24/16,Conventional,1.07,453559.54
Northern_New_England,1/31/16,Conventional,1.07,419786.19
Northern_New_England,2/7/16,Conventional,0.97,605846.78
Northern_New_England,2/14/16,Conventional,0.99,456439.67
Northern_New_England,2/21/16,Conventional,1.16,380427.08
Northern_New_England,2/28/16,Conventional,1.1,387149.69
Northern_New_England,3/6/16,Conventional,1.08,405931.49
Northern_New_England,3/13/16,Conventional,1.01,476634.67
Northern_New_England,3/20/16,Conventional,1.14,414604.35
Northern_New_England,3/27/16,Conventional,1.13,423257.57
Northern_New_England,4/3/16,Conventional,0.99,486716.71
Northern_New_England,4/10/16,Conventional,1.04,409227.87
Northern_New_England,4/17/16,Conventional,1.12,399074.14
Northern_New_England,4/24/16,Conventional,1.07,431615.62
Northern_New_England,5/1/16,Conventional,1.02,628512.14
Northern_New_England,5/8/16,Conventional,0.97,546838.34
Northern_New_England,5/15/16,Conventional,1.07,443517.22
Northern_New_England,5/22/16,Conventional,1.02,433251.71
Northern_New_England,5/29/16,Conventional,1.1,499944.01
Northern_New_England,6/5/16,Conventional,1.18,471356.84
Northern_New_England,6/12/16,Conventional,1.19,472020.49
Northern_New_England,6/19/16,Conventional,1.26,485945.76
Northern_New_England,6/26/16,Conventional,1.28,497816.81
Northern_New_England,7/3/16,Conventional,1.29,525917.26
Northern_New_England,7/10/16,Conventional,1.06,569327.81
Northern_New_England,7/17/16,Conventional,1.37,412386.17
Northern_New_England,7/24/16,Conventional,1.36,463062.51
Northern_New_England,7/31/16,Conventional,1.49,435129.36
Northern_New_England,8/7/16,Conventional,1.41,457429.1
Northern_New_England,8/14/16,Conventional,1.21,463651.71
Northern_New_England,8/21/16,Conventional,1.34,413497.16
Northern_New_England,8/28/16,Conventional,1.08,573338.65
Northern_New_England,9/4/16,Conventional,1.38,374902.91
Northern_New_England,9/11/16,Conventional,1.44,343314.74
Northern_New_England,9/18/16,Conventional,1.48,316980.64
Northern_New_England,9/25/16,Conventional,1.58,315399.04
Northern_New_England,10/2/16,Conventional,1.52,291185.37
Northern_New_England,10/9/16,Conventional,1.4,305506.51
Northern_New_England,10/16/16,Conventional,1.47,290884.89
Northern_New_England,10/23/16,Conventional,1.48,291385.56
Northern_New_England,10/30/16,Conventional,1.52,255455.34
Northern_New_England,11/6/16,Conventional,1.47,242666.87
Northern_New_England,11/13/16,Conventional,1.48,268388.51
Northern_New_England,11/20/16,Conventional,1.39,315783.24
Northern_New_England,11/27/16,Conventional,1.41,262748.42
Northern_New_England,12/4/16,Conventional,1.12,440990.34
Northern_New_England,12/11/16,Conventional,1.29,310425.3
Northern_New_England,12/18/16,Conventional,1.19,357508.29
Northern_New_England,12/25/16,Conventional,1.24,325634.21
Northern_New_England,1/1/17,Conventional,1.11,476239.03
Northern_New_England,1/8/17,Conventional,1.19,425000.71
Northern_New_England,1/15/17,Conventional,1.25,421262.96
Northern_New_England,1/22/17,Conventional,1.17,502345.31
Northern_New_England,1/29/17,Conventional,1.21,423387.02
Northern_New_England,2/5/17,Conventional,1.13,701706
Northern_New_England,2/12/17,Conventional,1.13,501364.8
Northern_New_England,2/19/17,Conventional,1.37,375322.2
Northern_New_England,2/26/17,Conventional,1.25,434201.49
Northern_New_England,3/5/17,Conventional,1.38,384828.85
Northern_New_England,3/12/17,Conventional,1.41,397861.17
Northern_New_England,3/19/17,Conventional,1.43,380612.68
Northern_New_England,3/26/17,Conventional,1.38,416769.78
Northern_New_England,4/2/17,Conventional,1.45,422201.67
Northern_New_England,4/9/17,Conventional,1.33,515775.3
Northern_New_England,4/16/17,Conventional,1.46,417480.41
Northern_New_England,4/23/17,Conventional,1.38,404739.65
Northern_New_England,4/30/17,Conventional,1.39,407790.12
Northern_New_England,5/7/17,Conventional,1.23,544200.61
Northern_New_England,5/14/17,Conventional,1.53,391189.88
Northern_New_England,5/21/17,Conventional,1.54,393289.53
Northern_New_England,5/28/17,Conventional,1.66,445049.68
Northern_New_England,6/4/17,Conventional,1.66,401637.7
Northern_New_England,6/11/17,Conventional,1.62,406486.08
Northern_New_England,6/18/17,Conventional,1.52,420089.07
Northern_New_England,6/25/17,Conventional,1.62,359321.55
Northern_New_England,7/2/17,Conventional,1.57,432564.12
Northern_New_England,7/9/17,Conventional,1.48,486214.04
Northern_New_England,7/16/17,Conventional,1.39,490940.46
Northern_New_England,7/23/17,Conventional,1.38,464876.48
Northern_New_England,7/30/17,Conventional,1.55,412937.73
Northern_New_England,8/6/17,Conventional,1.59,462412.85
Northern_New_England,8/13/17,Conventional,1.24,554390.58
Northern_New_England,8/20/17,Conventional,1.82,322962.89
Northern_New_England,8/27/17,Conventional,1.83,277558.13
Northern_New_England,9/3/17,Conventional,1.88,288210.32
Northern_New_England,9/10/17,Conventional,1.74,312541.08
Northern_New_England,9/17/17,Conventional,1.59,281832.66
Northern_New_England,9/24/17,Conventional,1.63,296892.52
Northern_New_England,10/1/17,Conventional,1.64,290521.98
Northern_New_England,10/8/17,Conventional,1.61,267322.07
Northern_New_England,10/15/17,Conventional,1.58,298364.19
Northern_New_England,10/22/17,Conventional,1.52,300976.46
Northern_New_England,10/29/17,Conventional,1.5,304167.22
Northern_New_England,11/5/17,Conventional,1.51,288593.62
Northern_New_England,11/12/17,Conventional,1.01,681570
Northern_New_England,11/19/17,Conventional,1.36,311603
Northern_New_England,11/26/17,Conventional,1.41,270865
Northern_New_England,12/3/17,Conventional,1.1,636106
Northern_New_England,12/10/17,Conventional,1.29,364577.18
Northern_New_England,12/17/17,Conventional,1.26,394608.36
Northern_New_England,12/24/17,Conventional,1.36,347811.65
Northern_New_England,12/31/17,Conventional,1.13,513318.77
Northern_New_England,1/1/18,Conventional,1.13,513318.77
Northern_New_England,1/7/18,Conventional,1.17,502851.14
Northern_New_England,1/14/18,Conventional,1.42,419376.62
Northern_New_England,1/21/18,Conventional,1.33,577116.22
Northern_New_England,1/28/18,Conventional,1.44,441977
Northern_New_England,2/4/18,Conventional,1.06,847261.25
Northern_New_England,2/11/18,Conventional,1.11,617475.89
Northern_New_England,2/18/18,Conventional,1.35,395298.31
Northern_New_England,2/25/18,Conventional,1.38,399308.69
Northern_New_England,3/4/18,Conventional,1.35,458200.4
Northern_New_England,3/11/18,Conventional,1.08,765746.37
Northern_New_England,3/18/18,Conventional,1.4,428028.9
Northern_New_England,3/25/18,Conventional,1.46,483124.53
Northern_New_England,4/1/18,Conventional,1.41,486113.65
Northern_New_England,4/8/18,Conventional,1.09,703301.74
Northern_New_England,4/15/18,Conventional,1.19,558286.58
Northern_New_England,4/22/18,Conventional,1.16,517746.32
Northern_New_England,4/29/18,Conventional,1.05,576647.79
Northern_New_England,5/6/18,Conventional,0.95,917983.95
Northern_New_England,5/13/18,Conventional,1.03,567730.66
Northern_New_England,5/20/18,Conventional,1.07,558212.11
Northern_New_England,5/27/18,Conventional,1.02,677990.67
Northern_New_England,6/3/18,Conventional,1.1,646079.08
Northern_New_England,6/10/18,Conventional,0.91,796193.02
Northern_New_England,6/17/18,Conventional,1,913079.38
Northern_New_England,6/24/18,Conventional,1.15,612532.5
Northern_New_England,7/1/18,Conventional,1.27,614286.01
Northern_New_England,7/8/18,Conventional,1.28,673051.67
Northern_New_England,7/15/18,Conventional,1.26,705072.63
Northern_New_England,7/22/18,Conventional,1.4,572080.56
Northern_New_England,7/29/18,Conventional,1.27,711029.52
Northern_New_England,8/5/18,Conventional,1.39,553833.25
Northern_New_England,8/12/18,Conventional,1.12,806832.37
Northern_New_England,8/19/18,Conventional,1.44,455255
Northern_New_England,8/26/18,Conventional,1.39,527536.71
Northern_New_England,9/2/18,Conventional,1.44,452253.59
Northern_New_England,9/9/18,Conventional,1.49,471019.93
Northern_New_England,9/16/18,Conventional,1.3,412947.46
Northern_New_England,9/23/18,Conventional,1.35,385145.12
Northern_New_England,9/30/18,Conventional,1.49,384321.88
Northern_New_England,10/7/18,Conventional,1.4,357097.6
Northern_New_England,10/14/18,Conventional,1.41,383214.9
Northern_New_England,10/21/18,Conventional,1.08,615766.28
Northern_New_England,10/28/18,Conventional,1.22,382853.91
Northern_New_England,11/4/18,Conventional,1.32,396919.61
Northern_New_England,11/11/18,Conventional,1.31,456434.57
Northern_New_England,11/18/18,Conventional,1.31,452323.8
Northern_New_England,11/25/18,Conventional,1.42,328172.23
Northern_New_England,12/2/18,Conventional,1.44,295851.53
