price_optimization/kaggledata_till2018.csv
region,date,type,price,units_sold
Northern_New_England,1/4/15,Organic,1.83,7301.3
Northern_New_England,1/11/15,Organic,1.88,6485.3
Northern_New_England,1/18/15,Organic,1.88,7618.91
Northern_New_England,1/25/15,Organic,1.9,6757.39
Northern_New_England,2/1/15,Organic,1.89,6551.44
Northern_New_England,2/8/15,Organic,1.88,7856.82
Northern_New_England,2/15/15,Organic,1.87,7199.17
Northern_New_England,2/22/15,Organic,1.82,6267.8
Northern_New_England,3/1/15,Organic,1.82,6940.73
Northern_New_England,3/8/15,Organic,1.87,6756.78
Northern_New_England,3/15/15,Organic,1.9,5599.89
Northern_New_England,3/22/15,Organic,1.88,8083.91
Northern_New_England,3/29/15,Organic,1.9,6433.37
Northern_New_England,4/5/15,Organic,1.88,8444.82
Northern_New_England,4/12/15,Organic,1.87,7094.98
Northern_New_England,4/19/15,Organic,1.88,7468.8
Northern_New_England,4/26/15,Organic,1.88,7583.31
Northern_New_England,5/3/15,Organic,1.92,7982.59
Northern_New_England,5/10/15,Organic,1.91,7575.34
Northern_New_England,5/17/15,Organic,1.88,8208.44
Northern_New_England,5/24/15,Organic,1.88,7515.96
Northern_New_England,5/31/15,Organic,1.91,8889.38
Northern_New_England,6/7/15,Organic,1.92,8091.22
Northern_New_England,6/14/15,Organic,1.94,8633.7
Northern_New_England,6/21/15,Organic,1.93,8028.95
Northern_New_England,6/28/15,Organic,1.95,8515.11
Northern_New_England,7/5/15,Organic,1.95,10419.6
Northern_New_England,7/12/15,Organic,1.95,8821.58
Northern_New_England,7/19/15,Organic,1.96,8067.82
Northern_New_England,7/26/15,Organic,1.95,7510.46
Northern_New_England,8/2/15,Organic,1.96,9346.73
Northern_New_England,8/9/15,Organic,1.92,8552.32
Northern_New_England,8/16/15,Organic,1.93,8259.26
Northern_New_England,8/23/15,Organic,1.91,9116.19
Northern_New_England,8/30/15,Organic,1.92,8005.96
Northern_New_England,9/6/15,Organic,1.95,6936.51
Northern_New_England,9/13/15,Organic,1.93,7465.69
Northern_New_England,9/20/15,Organic,1.96,6799.27
Northern_New_England,9/27/15,Organic,1.93,5374.57
Northern_New_England,10/4/15,Organic,1.62,9011.35
Northern_New_England,10/11/15,Organic,1.61,8749.6
Northern_New_England,10/18/15,Organic,1.63,7919.94
Northern_New_England,10/25/15,Organic,1.61,7858.07
Northern_New_England,11/1/15,Organic,1.62,8260.25
Northern_New_England,11/8/15,Organic,1.58,8340.73
Northern_New_England,11/15/15,Organic,1.57,9930.12
Northern_New_England,11/22/15,Organic,1.66,9580.4
Northern_New_England,11/29/15,Organic,1.63,8205.88
Northern_New_England,12/6/15,Organic,1.61,9278.66
Northern_New_England,12/13/15,Organic,1.62,8029.92
Northern_New_England,12/20/15,Organic,1.65,9262.66
Northern_New_England,12/27/15,Organic,1.65,8119.93
Northern_New_England,1/3/16,Organic,1.63,8936.72
Northern_New_England,1/10/16,Organic,1.66,10525.16
Northern_New_England,1/17/16,Organic,1.55,10459.56
Northern_New_England,1/24/16,Organic,1.67,11214.42
Northern_New_England,1/31/16,Organic,1.65,9140.79
Northern_New_England,2/7/16,Organic,1.67,9790.85
Northern_New_England,2/14/16,Organic,1.66,10158.92
Northern_New_England,2/21/16,Organic,1.64,9227.72
Northern_New_England,2/28/16,Organic,1.64,9920.46
Northern_New_England,3/6/16,Organic,1.68,10184.27
Northern_New_England,3/13/16,Organic,1.63,10985.53
Northern_New_England,3/20/16,Organic,1.67,11336.93
Northern_New_England,3/27/16,Organic,1.61,12855.46
Northern_New_England,4/3/16,Organic,1.61,8175.69
Northern_New_England,4/10/16,Organic,1.5,13624.67
Northern_New_England,4/17/16,Organic,1.6,12342.22
Northern_New_England,4/24/16,Organic,1.69,13226.51
Northern_New_England,5/1/16,Organic,1.62,11626.48
Northern_New_England,5/8/16,Organic,1.63,11801.47
Northern_New_England,5/15/16,Organic,1.22,5778.15
Northern_New_England,5/22/16,Organic,1.26,7645.75
Northern_New_England,5/29/16,Organic,1.19,4901.16
Northern_New_England,6/5/16,Organic,1.04,5130.06
Northern_New_England,6/12/16,Organic,0.99,4574.17
Northern_New_England,6/19/16,Organic,1.42,10848.56
Northern_New_England,6/26/16,Organic,1.46,12472.06
Northern_New_England,7/3/16,Organic,1.33,29132.17
Northern_New_England,7/10/16,Organic,1.45,14482.73
Northern_New_England,7/17/16,Organic,1.47,12521.46
Northern_New_England,7/24/16,Organic,1.13,5882.29
Northern_New_England,7/31/16,Organic,1.1,4845.69
Northern_New_England,8/7/16,Organic,1.28,5685.2
Northern_New_England,8/14/16,Organic,1.4,8519.17
Northern_New_England,8/21/16,Organic,1.43,11826.44
Northern_New_England,8/28/16,Organic,1.51,8866.2
Northern_New_England,9/4/16,Organic,1.58,13039.44
Northern_New_England,9/11/16,Organic,1.65,17561.31
Northern_New_England,9/18/16,Organic,1.66,11836.41
Northern_New_England,9/25/16,Organic,1.51,14401.06
Northern_New_England,10/2/16,Organic,1.58,12400.93
Northern_New_England,10/9/16,Organic,1.56,10289.97
Northern_New_England,10/16/16,Organic,1.49,8965.14
Northern_New_England,10/23/16,Organic,1.75,11324.45
Northern_New_England,10/30/16,Organic,1.65,7404.92
Northern_New_England,11/6/16,Organic,1.84,12574.7
Northern_New_England,11/13/16,Organic,1.79,10725.45
Northern_New_England,11/20/16,Organic,1.81,9539.41
Northern_New_England,11/27/16,Organic,1.84,8724.65
Northern_New_England,12/4/16,Organic,1.96,8741.54
Northern_New_England,12/11/16,Organic,1.85,10526.21
Northern_New_England,12/18/16,Organic,1.95,7450.03
Northern_New_England,12/25/16,Organic,1.9,10968.74
Northern_New_England,1/1/17,Organic,1.91,9214.09
Northern_New_England,1/8/17,Organic,1.86,12777.93
Northern_New_England,1/15/17,Organic,1.77,10857.24
Northern_New_England,1/22/17,Organic,1.89,13492.85
Northern_New_England,1/29/17,Organic,1.84,12789.12
Northern_New_England,2/5/17,Organic,1.6,10860.38
Northern_New_England,2/12/17,Organic,1.8,13474.78
Northern_New_England,2/19/17,Organic,1.88,11527.69
Northern_New_England,2/26/17,Organic,1.85,12277.49
Northern_New_England,3/5/17,Organic,1.66,15016.27
Northern_New_England,3/12/17,Organic,1.87,14773.91
Northern_New_England,3/19/17,Organic,1.86,16064.02
Northern_New_England,3/26/17,Organic,1.85,14479.04
Northern_New_England,4/2/17,Organic,1.82,13640.21
Northern_New_England,4/9/17,Organic,1.75,12052.63
Northern_New_England,4/16/17,Organic,1.82,15495.62
Northern_New_England,4/23/17,Organic,1.68,13175
Northern_New_England,4/30/17,Organic,1.62,14208.82
Northern_New_England,5/7/17,Organic,1.57,13580.31
Northern_New_England,5/14/17,Organic,1.4,26964.27
Northern_New_England,5/21/17,Organic,1.59,20571.46
Northern_New_England,5/28/17,Organic,1.67,18289.39
Northern_New_England,6/4/17,Organic,1.48,25490.92
Northern_New_England,6/11/17,Organic,1.83,15591.67
Northern_New_England,6/18/17,Organic,1.92,20003.65
Northern_New_England,6/25/17,Organic,1.93,21227.79
Northern_New_England,7/2/17,Organic,1.91,16665.54
Northern_New_England,7/9/17,Organic,1.85,13592.4
Northern_New_England,7/16/17,Organic,1.66,20254.68
Northern_New_England,7/23/17,Organic,1.59,20654.13
Northern_New_England,7/30/17,Organic,1.68,18527.51
Northern_New_England,8/6/17,Organic,1.68,16939.38
Northern_New_England,8/13/17,Organic,1.69,13218.86
Northern_New_England,8/20/17,Organic,1.68,17812.78
Northern_New_England,8/27/17,Organic,1.69,18480.95
Northern_New_England,9/3/17,Organic,1.69,13062.41
Northern_New_England,9/10/17,Organic,1.68,16452.15
Northern_New_England,9/17/17,Organic,1.54,15649.28
Northern_New_England,9/24/17,Organic,1.57,16661.59
Northern_New_England,10/1/17,Organic,1.56,18317.19
Northern_New_England,10/8/17,Organic,1.52,21089.7
Northern_New_England,10/15/17,Organic,1.64,23800.97
Northern_New_England,10/22/17,Organic,1.7,22671.89
Northern_New_England,10/29/17,Organic,1.57,39048.27
Northern_New_England,11/5/17,Organic,1.84,24687.17
Northern_New_England,11/12/17,Organic,1.8,19234.13
Northern_New_England,11/19/17,Organic,1.78,21545.16
Northern_New_England,11/26/17,Organic,1.75,22376.94
Northern_New_England,12/3/17,Organic,1.71,18891.8
Northern_New_England,12/10/17,Organic,1.67,23958.64
Northern_New_England,12/17/17,Organic,1.72,18551.6
Northern_New_England,12/24/17,Organic,1.76,25227.4
Northern_New_England,12/31/17,Organic,1.76,20129.5
Northern_New_England,1/1/18,Organic,1.76,20129.5
Northern_New_England,1/7/18,Organic,1.75,26188.31
Northern_New_England,1/14/18,Organic,1.46,22637.04
Northern_New_England,1/21/18,Organic,1.59,22101.1
Northern_New_England,1/28/18,Organic,1.29,50288.63
Northern_New_England,2/4/18,Organic,1.57,19108.24
Northern_New_England,2/11/18,Organic,1.39,22495.69
Northern_New_England,2/18/18,Organic,1.58,29699.89
Northern_New_England,2/25/18,Organic,1.5,30553.46
Northern_New_England,3/4/18,Organic,1.54,14156.63
Northern_New_England,3/11/18,Organic,1.64,18202.54
Northern_New_England,3/18/18,Organic,1.62,22375.57
Northern_New_England,3/25/18,Organic,1.63,22596.13
Northern_New_England,4/1/18,Organic,1.62,25269.8
Northern_New_England,4/8/18,Organic,1.65,17208.89
Northern_New_England,4/15/18,Organic,1.65,24308.52
Northern_New_England,4/22/18,Organic,1.23,29134.01
Northern_New_England,4/29/18,Organic,1.6,24492.82
Northern_New_England,5/6/18,Organic,1.65,21790.31
Northern_New_England,5/13/18,Organic,1.37,30759.12
Northern_New_England,5/20/18,Organic,1.48,31973.52
Northern_New_England,5/27/18,Organic,1.55,28224.11
Northern_New_England,6/3/18,Organic,1.6,19007.79
Northern_New_England,6/10/18,Organic,1.58,20734.44
Northern_New_England,6/17/18,Organic,1.61,19907.78
Northern_New_England,6/24/18,Organic,1.58,22061.92
Northern_New_England,7/1/18,Organic,1.57,26982.46
Northern_New_England,7/8/18,Organic,1.58,28137.71
Northern_New_England,7/15/18,Organic,1.57,22353.8
Northern_New_England,7/22/18,Organic,1.55,21514.73
Northern_New_England,7/29/18,Organic,1.45,24318.47
Northern_New_England,8/5/18,Organic,1.65,26268.7
Northern_New_England,8/12/18,Organic,1.57,15313.34
Northern_New_England,8/19/18,Organic,1.58,24472.03
Northern_New_England,8/26/18,Organic,1.52,23640.42
Northern_New_England,9/2/18,Organic,1.53,28667.82
Northern_New_England,9/9/18,Organic,1.56,30648.48
Northern_New_England,9/16/18,Organic,1.55,24655.74
Northern_New_England,9/23/18,Organic,1.55,28295.43
Northern_New_England,9/30/18,Organic,1.55,27121.72
Northern_New_England,10/7/18,Organic,1.32,38388.95
Northern_New_England,10/14/18,Organic,1.44,33042.22
Northern_New_England,10/21/18,Organic,1.47,23845.45
Northern_New_England,10/28/18,Organic,1.48,29787.66
Northern_New_England,11/4/18,Organic,1.48,27076.33
Northern_New_England,11/11/18,Organic,1.52,22456.95
Northern_New_England,11/18/18,Organic,1.53,23161.67
Northern_New_England,11/25/18,Organic,1.47,29055.22
Northern_New_England,12/2/18,Organic,1.45,32074.92
