price_optimization/kaggledata_till2018.csv
region,date,type,price,units_sold
SouthCentral,1/4/15,Conventional,0.77,5144267.01
SouthCentral,1/11/15,Conventional,0.8,5409726.02
SouthCentral,1/18/15,Conventional,0.79,5322625.57
SouthCentral,1/25/15,Conventional,0.81,5142259.93
SouthCentral,2/1/15,Conventional,0.71,6934356.31
SouthCentral,2/8/15,Conventional,0.73,5900232.15
SouthCentral,2/15/15,Conventional,0.8,5204971.91
SouthCentral,2/22/15,Conventional,0.85,5208272.73
SouthCentral,3/1/15,Conventional,0.87,5314431.93
SouthCentral,3/8/15,Conventional,0.8,5864999.81
SouthCentral,3/15/15,Conventional,0.79,5703759.21
SouthCentral,3/22/15,Conventional,0.76,6008817.9
SouthCentral,3/29/15,Conventional,0.82,5713017.35
SouthCentral,4/5/15,Conventional,0.83,6368728.85
SouthCentral,4/12/15,Conventional,0.8,5930072.71
SouthCentral,4/19/15,Conventional,0.82,5593885.09
SouthCentral,4/26/15,Conventional,0.83,5578980.69
SouthCentral,5/3/15,Conventional,0.78,6558729.33
SouthCentral,5/10/15,Conventional,0.79,6400340.97
SouthCentral,5/17/15,Conventional,0.79,5831782.44
SouthCentral,5/24/15,Conventional,0.83,5903596.18
SouthCentral,5/31/15,Conventional,0.74,6349957.65
SouthCentral,6/7/15,Conventional,0.75,6234006.44
SouthCentral,6/14/15,Conventional,0.69,7281803.61
SouthCentral,6/21/15,Conventional,0.79,6153608.75
SouthCentral,6/28/15,Conventional,0.77,6024103.65
SouthCentral,7/5/15,Conventional,0.83,6380287.71
SouthCentral,7/12/15,Conventional,0.82,5544366.95
SouthCentral,7/19/15,Conventional,0.83,5703940.56
SouthCentral,7/26/15,Conventional,0.81,5822521.79
SouthCentral,8/2/15,Conventional,0.9,5142335.64
SouthCentral,8/9/15,Conventional,0.89,5353393.56
SouthCentral,8/16/15,Conventional,0.89,5409823.02
SouthCentral,8/23/15,Conventional,0.89,5235579.44
SouthCentral,8/30/15,Conventional,0.87,5200252.65
SouthCentral,9/6/15,Conventional,0.86,5979528.24
SouthCentral,9/13/15,Conventional,0.88,5761848.67
SouthCentral,9/20/15,Conventional,0.83,5211738.31
SouthCentral,9/27/15,Conventional,0.87,4987381.36
SouthCentral,10/4/15,Conventional,0.84,5201535.32
SouthCentral,10/11/15,Conventional,0.83,5236047.86
SouthCentral,10/18/15,Conventional,0.87,4687705.56
SouthCentral,10/25/15,Conventional,0.86,4912068.04
SouthCentral,11/1/15,Conventional,0.81,5072550.94
SouthCentral,11/8/15,Conventional,0.8,4864814.01
SouthCentral,11/15/15,Conventional,0.76,4943687.09
SouthCentral,11/22/15,Conventional,0.8,4347510.51
SouthCentral,11/29/15,Conventional,0.82,3969578.89
SouthCentral,12/6/15,Conventional,0.76,4938526.47
SouthCentral,12/13/15,Conventional,0.78,4869309.42
SouthCentral,12/20/15,Conventional,0.81,4565207.85
SouthCentral,12/27/15,Conventional,0.81,4831664.77
SouthCentral,1/3/16,Conventional,0.79,5693942.07
SouthCentral,1/10/16,Conventional,0.84,5647635.02
SouthCentral,1/17/16,Conventional,0.81,5735627.03
SouthCentral,1/24/16,Conventional,0.94,3898235.29
SouthCentral,1/31/16,Conventional,0.79,5850128.4
SouthCentral,2/7/16,Conventional,0.7,7606351.8
SouthCentral,2/14/16,Conventional,0.7,6349601.68
SouthCentral,2/21/16,Conventional,0.82,5108381.41
SouthCentral,2/28/16,Conventional,0.77,5698454.09
SouthCentral,3/6/16,Conventional,0.78,5848140.87
SouthCentral,3/13/16,Conventional,0.79,5894070.33
SouthCentral,3/20/16,Conventional,0.77,6276764.8
SouthCentral,3/27/16,Conventional,0.77,6553308.82
SouthCentral,4/3/16,Conventional,0.74,6154503.04
SouthCentral,4/10/16,Conventional,0.73,6414263.17
SouthCentral,4/17/16,Conventional,0.71,6657073.54
SouthCentral,4/24/16,Conventional,0.7,6893900.54
SouthCentral,5/1/16,Conventional,0.71,6953488.71
SouthCentral,5/8/16,Conventional,0.72,7281887.35
SouthCentral,5/15/16,Conventional,0.73,6728120.77
SouthCentral,5/22/16,Conventional,0.72,6680323.25
SouthCentral,5/29/16,Conventional,0.8,6239677.27
SouthCentral,6/5/16,Conventional,0.83,6351400.69
SouthCentral,6/12/16,Conventional,0.85,6195284.67
SouthCentral,6/19/16,Conventional,0.89,6005535.29
SouthCentral,6/26/16,Conventional,0.89,6046264.46
SouthCentral,7/3/16,Conventional,0.91,6494533.3
SouthCentral,7/10/16,Conventional,0.91,5646460.01
SouthCentral,7/17/16,Conventional,0.94,5449441.63
SouthCentral,7/24/16,Conventional,0.97,5528475.32
SouthCentral,7/31/16,Conventional,0.98,5130900.02
SouthCentral,8/7/16,Conventional,0.93,5647940.41
SouthCentral,8/14/16,Conventional,0.94,5385035.37
SouthCentral,8/21/16,Conventional,0.87,5682046.61
SouthCentral,8/28/16,Conventional,0.84,5775721.7
SouthCentral,9/4/16,Conventional,0.78,6802635.25
SouthCentral,9/11/16,Conventional,0.82,6236078.55
SouthCentral,9/18/16,Conventional,0.86,6130653.55
SouthCentral,9/25/16,Conventional,0.98,5344837.49
SouthCentral,10/2/16,Conventional,1.01,5006659.75
SouthCentral,10/9/16,Conventional,1,5416591.81
SouthCentral,10/16/16,Conventional,1.03,4967651.41
SouthCentral,10/23/16,Conventional,1.09,4477594.56
SouthCentral,10/30/16,Conventional,1.19,3733135.22
SouthCentral,11/6/16,Conventional,1.16,4214624.13
SouthCentral,11/13/16,Conventional,1.11,4224677.32
SouthCentral,11/20/16,Conventional,1.06,4150510.67
SouthCentral,11/27/16,Conventional,0.93,4064847.35
SouthCentral,12/4/16,Conventional,0.76,5584114.56
SouthCentral,12/11/16,Conventional,0.76,5031206.93
SouthCentral,12/18/16,Conventional,0.72,5483207.89
SouthCentral,12/25/16,Conventional,0.79,5630041.84
SouthCentral,1/1/17,Conventional,0.64,6687273.64
SouthCentral,1/8/17,Conventional,0.74,6347964.79
SouthCentral,1/15/17,Conventional,0.68,7103726.14
SouthCentral,1/22/17,Conventional,0.74,6207638.5
SouthCentral,1/29/17,Conventional,0.76,6449698.15
SouthCentral,2/5/17,Conventional,0.62,9421609.22
SouthCentral,2/12/17,Conventional,0.68,7043078.06
SouthCentral,2/19/17,Conventional,0.75,5953222.87
SouthCentral,2/26/17,Conventional,0.7,6808805.4
SouthCentral,3/5/17,Conventional,0.87,5637789.74
SouthCentral,3/12/17,Conventional,0.93,5316530.73
SouthCentral,3/19/17,Conventional,0.94,5498742.96
SouthCentral,3/26/17,Conventional,0.93,5805541.99
SouthCentral,4/2/17,Conventional,0.84,6777539
SouthCentral,4/9/17,Conventional,0.92,6183823.03
SouthCentral,4/16/17,Conventional,0.88,6949890.75
SouthCentral,4/23/17,Conventional,0.83,7523061.26
SouthCentral,4/30/17,Conventional,0.86,7483931.18
SouthCentral,5/7/17,Conventional,0.85,7922898.43
SouthCentral,5/14/17,Conventional,0.92,6551804
SouthCentral,5/21/17,Conventional,0.94,6084796.99
SouthCentral,5/28/17,Conventional,0.96,6549043.84
SouthCentral,6/4/17,Conventional,0.93,6585882.05
SouthCentral,6/11/17,Conventional,0.93,6526488.94
SouthCentral,6/18/17,Conventional,0.89,7417264.07
SouthCentral,6/25/17,Conventional,0.92,6466429.64
SouthCentral,7/2/17,Conventional,0.92,6675892.1
SouthCentral,7/9/17,Conventional,0.86,7194967.49
SouthCentral,7/16/17,Conventional,1.02,5780893.13
SouthCentral,7/23/17,Conventional,1.05,5550586.51
SouthCentral,7/30/17,Conventional,1.06,5548390.24
SouthCentral,8/6/17,Conventional,1.03,5882728.51
SouthCentral,8/13/17,Conventional,1.05,6058478.32
SouthCentral,8/20/17,Conventional,1.06,5412866.59
SouthCentral,8/27/17,Conventional,1.17,5303260.4
SouthCentral,9/3/17,Conventional,1.24,4677784.49
SouthCentral,9/10/17,Conventional,1.22,4926555.69
SouthCentral,9/17/17,Conventional,1.27,4685091.86
SouthCentral,9/24/17,Conventional,1.33,4405343.75
SouthCentral,10/1/17,Conventional,1.34,4488892.01
SouthCentral,10/8/17,Conventional,1.32,4735152.21
SouthCentral,10/15/17,Conventional,1.3,4553170.77
SouthCentral,10/22/17,Conventional,1.15,4919102.69
SouthCentral,10/29/17,Conventional,1.1,5167419.42
SouthCentral,11/5/17,Conventional,0.99,5798077.88
SouthCentral,11/12/17,Conventional,0.95,5627547
SouthCentral,11/19/17,Conventional,0.97,4864335
SouthCentral,11/26/17,Conventional,0.96,4362824
SouthCentral,12/3/17,Conventional,0.84,6037641
SouthCentral,12/10/17,Conventional,0.8,6113749.37
SouthCentral,12/17/17,Conventional,0.9,4951756.35
SouthCentral,12/24/17,Conventional,1,5140296.84
SouthCentral,12/31/17,Conventional,0.85,6150665.32
SouthCentral,1/1/18,Conventional,0.85,6150665.32
SouthCentral,1/7/18,Conventional,0.9,6148732.19
SouthCentral,1/14/18,Conventional,0.96,6514441.7
SouthCentral,1/21/18,Conventional,0.86,7128446.75
SouthCentral,1/28/18,Conventional,0.82,7110840.99
SouthCentral,2/4/18,Conventional,0.65,10323174.59
SouthCentral,2/11/18,Conventional,0.7,8043965.41
SouthCentral,2/18/18,Conventional,0.78,7057862
SouthCentral,2/25/18,Conventional,0.76,7648478.57
SouthCentral,3/4/18,Conventional,0.79,7399716.74
SouthCentral,3/11/18,Conventional,0.89,6621293.03
SouthCentral,3/18/18,Conventional,0.86,6579144.13
SouthCentral,3/25/18,Conventional,0.7,9010588.32
SouthCentral,4/1/18,Conventional,0.76,8515270.86
SouthCentral,4/8/18,Conventional,0.88,6757101.77
SouthCentral,4/15/18,Conventional,0.75,8646285.8
SouthCentral,4/22/18,Conventional,0.71,8712434.41
SouthCentral,4/29/18,Conventional,0.86,6794652.03
SouthCentral,5/6/18,Conventional,0.7,10252748.73
SouthCentral,5/13/18,Conventional,0.71,8628945.2
SouthCentral,5/20/18,Conventional,0.69,8849426.91
SouthCentral,5/27/18,Conventional,0.7,9157655.54
SouthCentral,6/3/18,Conventional,0.81,7727904.88
SouthCentral,6/10/18,Conventional,0.81,7476012.11
SouthCentral,6/17/18,Conventional,0.87,7235255.98
SouthCentral,6/24/18,Conventional,0.8,7594319.73
SouthCentral,7/1/18,Conventional,0.82,7645570.39
SouthCentral,7/8/18,Conventional,0.74,9050347.7
SouthCentral,7/15/18,Conventional,0.79,8023898.53
SouthCentral,7/22/18,Conventional,0.88,7171157.2
SouthCentral,7/29/18,Conventional,0.88,6830042.57
SouthCentral,8/5/18,Conventional,0.95,6452082.58
SouthCentral,8/12/18,Conventional,0.93,6484032.76
SouthCentral,8/19/18,Conventional,0.84,7334949.16
SouthCentral,8/26/18,Conventional,0.95,6595013.66
SouthCentral,9/2/18,Conventional,1.01,6542840.9
SouthCentral,9/9/18,Conventional,1.02,6501521.14
SouthCentral,9/16/18,Conventional,1.02,6142281.25
SouthCentral,9/23/18,Conventional,0.94,6492280.17
SouthCentral,9/30/18,Conventional,0.78,7460344.91
SouthCentral,10/7/18,Conventional,0.81,7371527.13
SouthCentral,10/14/18,Conventional,0.86,6588934.9
SouthCentral,10/21/18,Conventional,0.86,6288768.81
SouthCentral,10/28/18,Conventional,0.77,7119384.64
SouthCentral,11/4/18,Conventional,0.77,6878672.82
SouthCentral,11/11/18,Conventional,0.72,7175257.04
SouthCentral,11/18/18,Conventional,0.77,5360181.77
SouthCentral,11/25/18,Conventional,0.88,3687130.18
SouthCentral,12/2/18,Conventional,0.85,5615341.14
