price_optimization/kaggledata_till2018.csv
region,date,type,price,units_sold
SouthCentral,1/4/15,Organic,1.35,53494.91
SouthCentral,1/11/15,Organic,1.39,53328.53
SouthCentral,1/18/15,Organic,1.27,65242.77
SouthCentral,1/25/15,Organic,1.37,58961.59
SouthCentral,2/1/15,Organic,1.28,64156.46
SouthCentral,2/8/15,Organic,1.39,65372.85
SouthCentral,2/15/15,Organic,1.39,77922.66
SouthCentral,2/22/15,Organic,1.37,81291.05
SouthCentral,3/1/15,Organic,1.34,80536.06
SouthCentral,3/8/15,Organic,1.44,56752.92
SouthCentral,3/15/15,Organic,1.38,66049.13
SouthCentral,3/22/15,Organic,1.37,71375.61
SouthCentral,3/29/15,Organic,1.42,60007.19
SouthCentral,4/5/15,Organic,1.4,76942.46
SouthCentral,4/12/15,Organic,1.4,71697.82
SouthCentral,4/19/15,Organic,1.39,66454.5
SouthCentral,4/26/15,Organic,1.43,61953.59
SouthCentral,5/3/15,Organic,1.43,42345.48
SouthCentral,5/10/15,Organic,1.4,56625.63
SouthCentral,5/17/15,Organic,1.41,56568.67
SouthCentral,5/24/15,Organic,1.39,62670.56
SouthCentral,5/31/15,Organic,1.41,51748.65
SouthCentral,6/7/15,Organic,1.37,49534.9
SouthCentral,6/14/15,Organic,1.38,51786.11
SouthCentral,6/21/15,Organic,1.4,54782.92
SouthCentral,6/28/15,Organic,1.35,55512.87
SouthCentral,7/5/15,Organic,1.34,64364.81
SouthCentral,7/12/15,Organic,1.27,59760.16
SouthCentral,7/19/15,Organic,1.31,56107.03
SouthCentral,7/26/15,Organic,1.26,62027.52
SouthCentral,8/2/15,Organic,1.37,59918.41
SouthCentral,8/9/15,Organic,1.42,79568.82
SouthCentral,8/16/15,Organic,1.45,62132.94
SouthCentral,8/23/15,Organic,1.39,70321.03
SouthCentral,8/30/15,Organic,1.33,75913.85
SouthCentral,9/6/15,Organic,1.49,62392.78
SouthCentral,9/13/15,Organic,1.5,70718.4
SouthCentral,9/20/15,Organic,1.53,66134.27
SouthCentral,9/27/15,Organic,1.53,62096.82
SouthCentral,10/4/15,Organic,1.55,59719.09
SouthCentral,10/11/15,Organic,1.51,59217.48
SouthCentral,10/18/15,Organic,1.49,60543.94
SouthCentral,10/25/15,Organic,1.52,65708.3
SouthCentral,11/1/15,Organic,1.51,57066.49
SouthCentral,11/8/15,Organic,1.51,57570.79
SouthCentral,11/15/15,Organic,1.5,57245.86
SouthCentral,11/22/15,Organic,1.53,49426.32
SouthCentral,11/29/15,Organic,1.47,48739.53
SouthCentral,12/6/15,Organic,1.49,52066.09
SouthCentral,12/13/15,Organic,1.43,59392.62
SouthCentral,12/20/15,Organic,1.41,52488.05
SouthCentral,12/27/15,Organic,1.39,56297.88
SouthCentral,1/3/16,Organic,1.38,56538.34
SouthCentral,1/10/16,Organic,1.38,63163.21
SouthCentral,1/17/16,Organic,1.33,67598.5
SouthCentral,1/24/16,Organic,1.35,70767.77
SouthCentral,1/31/16,Organic,1.41,69115.72
SouthCentral,2/7/16,Organic,1.35,69236.98
SouthCentral,2/14/16,Organic,1.31,75226.48
SouthCentral,2/21/16,Organic,1.28,78298.97
SouthCentral,2/28/16,Organic,1.24,89262.56
SouthCentral,3/6/16,Organic,1.21,86686.51
SouthCentral,3/13/16,Organic,1.24,86860.92
SouthCentral,3/20/16,Organic,1.23,79411.38
SouthCentral,3/27/16,Organic,1.25,84351.3
SouthCentral,4/3/16,Organic,1.22,86545.27
SouthCentral,4/10/16,Organic,1.21,91639
SouthCentral,4/17/16,Organic,1.15,118580.72
SouthCentral,4/24/16,Organic,1.11,110395.86
SouthCentral,5/1/16,Organic,1.13,113305.24
SouthCentral,5/8/16,Organic,1.07,133142.97
SouthCentral,5/15/16,Organic,1.11,128078.72
SouthCentral,5/22/16,Organic,1.05,130641.29
SouthCentral,5/29/16,Organic,1.07,144179.65
SouthCentral,6/5/16,Organic,1.1,117920.36
SouthCentral,6/12/16,Organic,1.11,120789.79
SouthCentral,6/19/16,Organic,1.14,113554.54
SouthCentral,6/26/16,Organic,1.17,114148.17
SouthCentral,7/3/16,Organic,1.13,111340.2
SouthCentral,7/10/16,Organic,1.18,106469.22
SouthCentral,7/17/16,Organic,1.21,118903.02
SouthCentral,7/24/16,Organic,1.21,136429.31
SouthCentral,7/31/16,Organic,1.22,142770.97
SouthCentral,8/7/16,Organic,1.26,138004.86
SouthCentral,8/14/16,Organic,0.98,278711.99
SouthCentral,8/21/16,Organic,0.97,247621.32
SouthCentral,8/28/16,Organic,1.04,180003.45
SouthCentral,9/4/16,Organic,1.08,169684.45
SouthCentral,9/11/16,Organic,1.07,164162.25
SouthCentral,9/18/16,Organic,1.14,129652.83
SouthCentral,9/25/16,Organic,1.15,131608.43
SouthCentral,10/2/16,Organic,1.14,131064.76
SouthCentral,10/9/16,Organic,1.09,150647.8
SouthCentral,10/16/16,Organic,1.09,144647.08
SouthCentral,10/23/16,Organic,1.41,104747.96
SouthCentral,10/30/16,Organic,1.48,94332.98
SouthCentral,11/6/16,Organic,1.44,132275.3
SouthCentral,11/13/16,Organic,1.24,144227.54
SouthCentral,11/20/16,Organic,1.22,120110.49
SouthCentral,11/27/16,Organic,1.18,122037.93
SouthCentral,12/4/16,Organic,1.21,100639.79
SouthCentral,12/11/16,Organic,1.12,101938.87
SouthCentral,12/18/16,Organic,1.1,100860.88
SouthCentral,12/25/16,Organic,1.21,94378.68
SouthCentral,1/1/17,Organic,1.23,66616.54
SouthCentral,1/8/17,Organic,1.1,104424.88
SouthCentral,1/15/17,Organic,1.06,109017.25
SouthCentral,1/22/17,Organic,1.02,147163.14
SouthCentral,1/29/17,Organic,1.08,121203.53
SouthCentral,2/5/17,Organic,1.12,104656.52
SouthCentral,2/12/17,Organic,1.12,121268.68
SouthCentral,2/19/17,Organic,1,147729.4
SouthCentral,2/26/17,Organic,0.99,171145
SouthCentral,3/5/17,Organic,0.99,155011.12
SouthCentral,3/12/17,Organic,1.04,168236.96
SouthCentral,3/19/17,Organic,1.03,160600.06
SouthCentral,3/26/17,Organic,1.03,197899.23
SouthCentral,4/2/17,Organic,1.14,169883.35
SouthCentral,4/9/17,Organic,1.06,173816.89
SouthCentral,4/16/17,Organic,1.04,204871.52
SouthCentral,4/23/17,Organic,1.19,144414.88
SouthCentral,4/30/17,Organic,1.31,126586.54
SouthCentral,5/7/17,Organic,1.34,138588.03
SouthCentral,5/14/17,Organic,1.46,142740.06
SouthCentral,5/21/17,Organic,1.45,147667.8
SouthCentral,5/28/17,Organic,1.19,187973.68
SouthCentral,6/4/17,Organic,1.13,197098.71
SouthCentral,6/11/17,Organic,1.17,183857.14
SouthCentral,6/18/17,Organic,1.27,149975.22
SouthCentral,6/25/17,Organic,1.36,130227.23
SouthCentral,7/2/17,Organic,1.17,169099.91
SouthCentral,7/9/17,Organic,1.13,180648.11
SouthCentral,7/16/17,Organic,1.46,144301.93
SouthCentral,7/23/17,Organic,1.52,131449.42
SouthCentral,7/30/17,Organic,1.52,124143.15
SouthCentral,8/6/17,Organic,1.48,141584.65
SouthCentral,8/13/17,Organic,1.52,112607.87
SouthCentral,8/20/17,Organic,1.64,115769.96
SouthCentral,8/27/17,Organic,1.81,125183.67
SouthCentral,9/3/17,Organic,1.78,109958.23
SouthCentral,9/10/17,Organic,1.75,108438.31
SouthCentral,9/17/17,Organic,1.8,108093.32
SouthCentral,9/24/17,Organic,1.77,124121.46
SouthCentral,10/1/17,Organic,1.75,107773.96
SouthCentral,10/8/17,Organic,1.75,106062.64
SouthCentral,10/15/17,Organic,1.74,115437.92
SouthCentral,10/22/17,Organic,1.73,109427.04
SouthCentral,10/29/17,Organic,1.73,105902.71
SouthCentral,11/5/17,Organic,1.69,99714.13
SouthCentral,11/12/17,Organic,1.67,117223.76
SouthCentral,11/19/17,Organic,1.54,115865.76
SouthCentral,11/26/17,Organic,1.57,91204.54
SouthCentral,12/3/17,Organic,1.59,106526.9
SouthCentral,12/10/17,Organic,1.5,102658.15
SouthCentral,12/17/17,Organic,1.45,116534.02
SouthCentral,12/24/17,Organic,1.47,126306.81
SouthCentral,12/31/17,Organic,1.41,115959.77
SouthCentral,1/1/18,Organic,1.41,115959.77
SouthCentral,1/7/18,Organic,1.41,126323.33
SouthCentral,1/14/18,Organic,1.5,146720.73
SouthCentral,1/21/18,Organic,1.44,138349.93
SouthCentral,1/28/18,Organic,1.42,137453.79
SouthCentral,2/4/18,Organic,1.41,135996.73
SouthCentral,2/11/18,Organic,1.4,128955.64
SouthCentral,2/18/18,Organic,1.42,134888.08
SouthCentral,2/25/18,Organic,1.41,126906.61
SouthCentral,3/4/18,Organic,1.41,144664.26
SouthCentral,3/11/18,Organic,1.32,179212.94
SouthCentral,3/18/18,Organic,1.28,154056.32
SouthCentral,3/25/18,Organic,1.42,163496.7
SouthCentral,4/1/18,Organic,1.34,174033
SouthCentral,4/8/18,Organic,1.42,171683.59
SouthCentral,4/15/18,Organic,1.37,162804.87
SouthCentral,4/22/18,Organic,1.39,155684.38
SouthCentral,4/29/18,Organic,1.48,162599.68
SouthCentral,5/6/18,Organic,1.35,160821.6
SouthCentral,5/13/18,Organic,1.32,154855.44
SouthCentral,5/20/18,Organic,1.37,169056.91
SouthCentral,5/27/18,Organic,1.35,162781.97
SouthCentral,6/3/18,Organic,1.4,158468.85
SouthCentral,6/10/18,Organic,1.45,186552.26
SouthCentral,6/17/18,Organic,1.41,186344.14
SouthCentral,6/24/18,Organic,1.38,158941.66
SouthCentral,7/1/18,Organic,1.37,150976.28
SouthCentral,7/8/18,Organic,1.43,134279.06
SouthCentral,7/15/18,Organic,1.34,143830.28
SouthCentral,7/22/18,Organic,1.2,149868.62
SouthCentral,7/29/18,Organic,1.31,128878.42
SouthCentral,8/5/18,Organic,1.1,249702.14
SouthCentral,8/12/18,Organic,1.54,134966.04
SouthCentral,8/19/18,Organic,1.2,179023.83
SouthCentral,8/26/18,Organic,1.21,191147.84
SouthCentral,9/2/18,Organic,1.36,163080.57
SouthCentral,9/9/18,Organic,1.36,158265.97
SouthCentral,9/16/18,Organic,1.3,158306.83
SouthCentral,9/23/18,Organic,1.33,141991.74
SouthCentral,9/30/18,Organic,1.48,139540.48
SouthCentral,10/7/18,Organic,1.46,146998.99
SouthCentral,10/14/18,Organic,1.42,144126.49
SouthCentral,10/21/18,Organic,1.48,118040.39
SouthCentral,10/28/18,Organic,1.45,120769.91
SouthCentral,11/4/18,Organic,1.43,138599.69
SouthCentral,11/11/18,Organic,1.27,151163.52
SouthCentral,11/18/18,Organic,1.32,136951.69
SouthCentral,11/25/18,Organic,1.44,100161.13
SouthCentral,12/2/18,Organic,1.47,120441.44
